<html>
<body>
<pre>
<h1>礦ision Build Log</h1>
<h2>Tool Versions:</h2>
IDE-Version: μVision V5.15
Copyright (C) 2015 ARM Ltd and ARM Germany GmbH. All rights reserved.
License Information: Dan Microsoft, Microsoft, LIC=V85FW-QP8UJ-ZEWH2-995RP-WSZ4G-8SY7U
 
Tool Versions:
Toolchain:       MDK-ARM Professional  Version: 5.15.0
Toolchain Path:  C:\Keil_v5\ARM\ARMCC\Bin
C Compiler:      Armcc.exe V5.05 update 2 (build 169)
Assembler:       Armasm.exe V5.05 update 2 (build 169)
Linker/Locator:  ArmLink.exe V5.05 update 2 (build 169)
Library Manager: ArmAr.exe V5.05 update 2 (build 169)
Hex Converter:   FromElf.exe V5.05 update 2 (build 169)
CPU DLL:         SARMCM3.DLL V5.15.0
Dialog DLL:      DARMCM1.DLL V1.12.0.0
Target DLL:      STLink\ST-LINKIII-KEIL_SWO.dll V2.0.15.0_KEIL
Dialog DLL:      TARMCM1.DLL V1.9.0.0
 
<h2>Project:</h2>
E:\工作资料\stm32f030v120lib\user\MDK_ARM\os_contiki.uvprojx
Project File Date:  09/23/2015

<h2>Output:</h2>
*** Using Compiler 'V5.05 update 2 (build 169)', folder: 'C:\Keil_v5\ARM\ARMCC\Bin'
Build target 'oscontiki'
compiling main.c...
linking...
Program Size: Code=5552 RO-data=288 RW-data=116 ZI-data=1540  
FromELF: creating hex file...
".\Objects\os_contiki.axf" - 0 Error(s), 0 Warning(s).

<h2>Collection of Component include folders:</h2>
  E:\工作资料\stm32f030v120lib\user\MDK_ARM\RTE
  C:\Keil_v5\ARM\PACK\Keil\STM32F0xx_DFP\1.2.1\Device\Include

<h2>Collection of Component Files used:</h2>
</pre>
</body>
</html>
