<html>
<body>
<pre>
<h1>µVision Build Log</h1>
<h2>Project:</h2>
E:\stm32_stand_lib\stproject\STM32F10x\Project\MDK-ARM\Project.uvproj
Project File Date:  07/28/2016

<h2>Output:</h2>
Build target 'STM32100E-EVAL'
compiling stm32f10x_it.c...
compiling main.c...
compiling stm32f10x_rcc.c...
stm32f10x_rcc.c: Error:  #5: cannot open source input file "..\..\..\Libraries\STM32F10x_StdPeriph_Driver\src\stm32f10x_rcc.c": No such file or directory
stm32f10x_rcc.c: ..\..\..\Libraries\STM32F10x_StdPeriph_Driver\src\stm32f10x_rcc.c: 0 warnings, 1 error
Target not created
Build target 'STM32100E-EVAL'
compiling core_cm3.c...
compiling system_stm32f10x.c...
compiling misc.c...
compiling stm32f10x_adc.c...
compiling stm32f10x_bkp.c...
compiling stm32f10x_can.c...
compiling stm32f10x_cec.c...
compiling stm32f10x_crc.c...
compiling stm32f10x_dac.c...
compiling stm32f10x_dbgmcu.c...
compiling stm32f10x_dma.c...
compiling stm32f10x_exti.c...
compiling stm32f10x_flash.c...
compiling stm32f10x_fsmc.c...
compiling stm32f10x_gpio.c...
compiling stm32f10x_i2c.c...
compiling stm32f10x_iwdg.c...
compiling stm32f10x_pwr.c...
compiling stm32f10x_rcc.c...
compiling stm32f10x_rtc.c...
compiling stm32f10x_sdio.c...
compiling stm32f10x_spi.c...
compiling stm32f10x_tim.c...
compiling stm32f10x_usart.c...
compiling stm32f10x_wwdg.c...
assembling startup_stm32f10x_hd.s...
linking...
Program Size: Code=344 RO-data=320 RW-data=0 ZI-data=1024  
".\STM32100E-EVAL\STM32100E-EVAL.axf" - 0 Error(s), 0 Warning(s).
Clean started: Project: 'Project'
   deleting intermediate output files for target 'STM32100E-EVAL'
   deleting intermediate output files for target 'STM3210E-EVAL_XL'
   deleting intermediate output files for target 'STM32100B-EVAL'
   deleting intermediate output files for target 'STM3210C-EVAL'
   deleting intermediate output files for target 'STM3210E-EVAL'
   deleting intermediate output files for target 'STM3210B-EVAL'
