Component: ARM Compiler 5.05 update 2 (build 169) Tool: armlink [4d0f33]

==============================================================================

Section Cross References

    main.o(i.LED_Off) refers to stm32f0xx_hal_gpio.o(i.HAL_GPIO_WritePin) for HAL_GPIO_WritePin
    main.o(i.LED_On) refers to stm32f0xx_hal_gpio.o(i.HAL_GPIO_WritePin) for HAL_GPIO_WritePin
    main.o(i.SystemClock_Config) refers to stm32f0xx_hal_rcc_ex.o(i.HAL_RCC_OscConfig) for HAL_RCC_OscConfig
    main.o(i.SystemClock_Config) refers to main.o(i.Error_Handler) for Error_Handler
    main.o(i.SystemClock_Config) refers to stm32f0xx_hal_rcc_ex.o(i.HAL_RCC_ClockConfig) for HAL_RCC_ClockConfig
    main.o(i.led_init) refers to stm32f0xx_hal_gpio.o(i.HAL_GPIO_Init) for HAL_GPIO_Init
    main.o(i.main) refers to stm32f0xx_hal.o(i.HAL_Init) for HAL_Init
    main.o(i.main) refers to main.o(i.SystemClock_Config) for SystemClock_Config
    main.o(i.main) refers to clock.o(i.clock_init) for clock_init
    main.o(i.main) refers to process.o(i.process_init) for process_init
    main.o(i.main) refers to process.o(i.process_start) for process_start
    main.o(i.main) refers to process.o(i.process_run) for process_run
    main.o(i.main) refers to etimer.o(.data) for etimer_process
    main.o(i.main) refers to main.o(.data) for os_test_process
    main.o(i.process_thread_os_test_process) refers to main.o(i.led_init) for led_init
    main.o(i.process_thread_os_test_process) refers to etimer.o(i.etimer_set) for etimer_set
    main.o(i.process_thread_os_test_process) refers to etimer.o(i.etimer_expired) for etimer_expired
    main.o(i.process_thread_os_test_process) refers to main.o(i.LED_On) for LED_On
    main.o(i.process_thread_os_test_process) refers to main.o(i.LED_Off) for LED_Off
    main.o(i.process_thread_os_test_process) refers to main.o(.bss) for et_T
    main.o(.data) refers to main.o(.conststring) for .conststring
    main.o(.data) refers to main.o(i.process_thread_os_test_process) for process_thread_os_test_process
    system_stm32f0xx.o(i.SystemCoreClockUpdate) refers to aeabi_sdiv.o(.text) for __aeabi_uidivmod
    system_stm32f0xx.o(i.SystemCoreClockUpdate) refers to system_stm32f0xx.o(.data) for SystemCoreClock
    startup_stm32f030x8.o(STACK) refers (Special) to heapauxi.o(.text) for __use_two_region_memory
    startup_stm32f030x8.o(HEAP) refers (Special) to heapauxi.o(.text) for __use_two_region_memory
    startup_stm32f030x8.o(RESET) refers (Special) to heapauxi.o(.text) for __use_two_region_memory
    startup_stm32f030x8.o(RESET) refers to startup_stm32f030x8.o(STACK) for __initial_sp
    startup_stm32f030x8.o(RESET) refers to startup_stm32f030x8.o(.text) for Reset_Handler
    startup_stm32f030x8.o(RESET) refers to stm32f0xx_it.o(i.NMI_Handler) for NMI_Handler
    startup_stm32f030x8.o(RESET) refers to stm32f0xx_it.o(i.HardFault_Handler) for HardFault_Handler
    startup_stm32f030x8.o(RESET) refers to stm32f0xx_it.o(i.SVC_Handler) for SVC_Handler
    startup_stm32f030x8.o(RESET) refers to stm32f0xx_it.o(i.PendSV_Handler) for PendSV_Handler
    startup_stm32f030x8.o(RESET) refers to clock.o(i.SysTick_Handler) for SysTick_Handler
    startup_stm32f030x8.o(RESET) refers to stm32f0xx_it.o(i.DMA1_Channel1_IRQHandler) for DMA1_Channel1_IRQHandler
    startup_stm32f030x8.o(.text) refers (Special) to heapauxi.o(.text) for __use_two_region_memory
    startup_stm32f030x8.o(.text) refers to system_stm32f0xx.o(i.SystemInit) for SystemInit
    startup_stm32f030x8.o(.text) refers to __main.o(!!!main) for __main
    startup_stm32f030x8.o(.text) refers to startup_stm32f030x8.o(HEAP) for Heap_Mem
    startup_stm32f030x8.o(.text) refers to startup_stm32f030x8.o(STACK) for Stack_Mem
    stm32f0xx_hal.o(i.HAL_DeInit) refers to stm32f0xx_hal_msp_template.o(i.HAL_MspDeInit) for HAL_MspDeInit
    stm32f0xx_hal.o(i.HAL_Delay) refers to stm32f0xx_hal.o(i.HAL_GetTick) for HAL_GetTick
    stm32f0xx_hal.o(i.HAL_GetTick) refers to stm32f0xx_hal.o(.data) for uwTick
    stm32f0xx_hal.o(i.HAL_IncTick) refers to stm32f0xx_hal.o(.data) for uwTick
    stm32f0xx_hal.o(i.HAL_Init) refers to stm32f0xx_hal.o(i.HAL_InitTick) for HAL_InitTick
    stm32f0xx_hal.o(i.HAL_Init) refers to stm32f0xx_hal_msp_template.o(i.HAL_MspInit) for HAL_MspInit
    stm32f0xx_hal.o(i.HAL_InitTick) refers to stm32f0xx_hal_rcc.o(i.HAL_RCC_GetHCLKFreq) for HAL_RCC_GetHCLKFreq
    stm32f0xx_hal.o(i.HAL_InitTick) refers to aeabi_sdiv.o(.text) for __aeabi_uidivmod
    stm32f0xx_hal.o(i.HAL_InitTick) refers to stm32f0xx_hal_cortex.o(i.HAL_SYSTICK_Config) for HAL_SYSTICK_Config
    stm32f0xx_hal.o(i.HAL_InitTick) refers to stm32f0xx_hal_cortex.o(i.HAL_NVIC_SetPriority) for HAL_NVIC_SetPriority
    stm32f0xx_hal_adc.o(i.ADC_ConversionStop) refers to stm32f0xx_hal.o(i.HAL_GetTick) for HAL_GetTick
    stm32f0xx_hal_adc.o(i.ADC_DMAConvCplt) refers to stm32f0xx_hal_adc.o(i.HAL_ADC_ConvCpltCallback) for HAL_ADC_ConvCpltCallback
[...]
    rtexit2.o(.ARM.Collect$$rtexit$$00000003) refers to libshutdown.o(.ARM.Collect$$libshutdown$$00000000) for __rt_lib_shutdown
    rtexit2.o(.ARM.Collect$$rtexit$$00000004) refers to sys_exit.o(.text) for _sys_exit
    rtexit2.o(.ARM.exidx) refers to rtexit2.o(.ARM.Collect$$rtexit$$00000001) for .ARM.Collect$$rtexit$$00000001
    rtexit2.o(.ARM.exidx) refers to rtexit2.o(.ARM.Collect$$rtexit$$00000003) for .ARM.Collect$$rtexit$$00000003
    rtexit2.o(.ARM.exidx) refers to rtexit2.o(.ARM.Collect$$rtexit$$00000004) for .ARM.Collect$$rtexit$$00000004
    __raise.o(.text) refers to defsig.o(CL$$defsig) for __default_signal_handler
    defsig_general.o(.text) refers to sys_wrch.o(.text) for _ttywrch
    defsig_rtmem_inner.o(.text) refers to defsig_general.o(.text) for __default_signal_display
    sys_wrch.o(.text) refers (Special) to use_no_semi.o(.text) for __I$use$semihosting
    sys_wrch.o(.text) refers (Special) to indicate_semi.o(.text) for __semihosting_library_function
    defsig.o(CL$$defsig) refers to defsig_fpe_inner.o(.text) for __rt_SIGFPE_inner
    defsig.o(CL$$defsig) refers to defsig_rtmem_inner.o(.text) for __rt_SIGRTMEM_inner
    libshutdown.o(.ARM.Collect$$libshutdown$$00000000) refers (Special) to libshutdown2.o(.ARM.Collect$$libshutdown$$00000006) for __rt_lib_shutdown_fp_trap_1
    libshutdown.o(.ARM.Collect$$libshutdown$$00000000) refers (Special) to libshutdown2.o(.ARM.Collect$$libshutdown$$0000000E) for __rt_lib_shutdown_heap_1
    libshutdown.o(.ARM.Collect$$libshutdown$$00000000) refers (Special) to libshutdown2.o(.ARM.Collect$$libshutdown$$0000000F) for __rt_lib_shutdown_return
    libshutdown.o(.ARM.Collect$$libshutdown$$00000000) refers (Special) to libshutdown2.o(.ARM.Collect$$libshutdown$$00000009) for __rt_lib_shutdown_signal_1
    libshutdown.o(.ARM.Collect$$libshutdown$$00000000) refers (Special) to libshutdown2.o(.ARM.Collect$$libshutdown$$00000003) for __rt_lib_shutdown_stdio_1
    libshutdown.o(.ARM.Collect$$libshutdown$$00000000) refers (Special) to libshutdown2.o(.ARM.Collect$$libshutdown$$0000000B) for __rt_lib_shutdown_user_alloc_1
    defsig_abrt_inner.o(.text) refers to defsig_general.o(.text) for __default_signal_display
    defsig_rtred_inner.o(.text) refers to defsig_general.o(.text) for __default_signal_display
    defsig_stak_inner.o(.text) refers to defsig_general.o(.text) for __default_signal_display
    defsig_pvfn_inner.o(.text) refers to defsig_general.o(.text) for __default_signal_display
    defsig_cppl_inner.o(.text) refers to defsig_general.o(.text) for __default_signal_display
    defsig_segv_inner.o(.text) refers to defsig_general.o(.text) for __default_signal_display
    defsig_other.o(.text) refers to defsig_general.o(.text) for __default_signal_display


==============================================================================

Removing Unused input sections from the image.

    Removing main.o(.rev16_text), (4 bytes).
    Removing main.o(.revsh_text), (4 bytes).
    Removing stm32f0xx_it.o(.rev16_text), (4 bytes).
    Removing stm32f0xx_it.o(.revsh_text), (4 bytes).
    Removing system_stm32f0xx.o(.rev16_text), (4 bytes).
    Removing system_stm32f0xx.o(.revsh_text), (4 bytes).
    Removing system_stm32f0xx.o(i.SystemCoreClockUpdate), (176 bytes).
    Removing stm32f0xx_hal.o(.rev16_text), (4 bytes).
    Removing stm32f0xx_hal.o(.revsh_text), (4 bytes).
    Removing stm32f0xx_hal.o(i.HAL_DeInit), (44 bytes).
    Removing stm32f0xx_hal.o(i.HAL_Delay), (26 bytes).
    Removing stm32f0xx_hal.o(i.HAL_DisableDBGStandbyMode), (20 bytes).
    Removing stm32f0xx_hal.o(i.HAL_DisableDBGStopMode), (20 bytes).
    Removing stm32f0xx_hal.o(i.HAL_EnableDBGStandbyMode), (20 bytes).
    Removing stm32f0xx_hal.o(i.HAL_EnableDBGStopMode), (20 bytes).
    Removing stm32f0xx_hal.o(i.HAL_GetDEVID), (16 bytes).
    Removing stm32f0xx_hal.o(i.HAL_GetHalVersion), (6 bytes).
    Removing stm32f0xx_hal.o(i.HAL_GetREVID), (12 bytes).
    Removing stm32f0xx_hal.o(i.HAL_IncTick), (16 bytes).
    Removing stm32f0xx_hal.o(i.HAL_MspDeInit), (2 bytes).
    Removing stm32f0xx_hal.o(i.HAL_MspInit), (2 bytes).
    Removing stm32f0xx_hal.o(i.HAL_ResumeTick), (20 bytes).
    Removing stm32f0xx_hal.o(i.HAL_SuspendTick), (20 bytes).
    Removing stm32f0xx_hal_adc.o(.rev16_text), (4 bytes).
    Removing stm32f0xx_hal_adc.o(.revsh_text), (4 bytes).
    Removing stm32f0xx_hal_adc.o(i.ADC_ConversionStop), (106 bytes).
    Removing stm32f0xx_hal_adc.o(i.ADC_DMAConvCplt), (28 bytes).
    Removing stm32f0xx_hal_adc.o(i.ADC_DMAError), (26 bytes).
    Removing stm32f0xx_hal_adc.o(i.ADC_DMAHalfConvCplt), (14 bytes).
    Removing stm32f0xx_hal_adc.o(i.ADC_Disable), (166 bytes).
    Removing stm32f0xx_hal_adc.o(i.ADC_Enable), (188 bytes).
    Removing stm32f0xx_hal_adc.o(i.HAL_ADC_AnalogWDGConfig), (212 bytes).
    Removing stm32f0xx_hal_adc.o(i.HAL_ADC_ConfigChannel), (308 bytes).
    Removing stm32f0xx_hal_adc.o(i.HAL_ADC_ConvCpltCallback), (2 bytes).
    Removing stm32f0xx_hal_adc.o(i.HAL_ADC_ConvHalfCpltCallback), (2 bytes).
    Removing stm32f0xx_hal_adc.o(i.HAL_ADC_DeInit), (188 bytes).
    Removing stm32f0xx_hal_adc.o(i.HAL_ADC_ErrorCallback), (2 bytes).
    Removing stm32f0xx_hal_adc.o(i.HAL_ADC_GetError), (6 bytes).
    Removing stm32f0xx_hal_adc.o(i.HAL_ADC_GetState), (8 bytes).
    Removing stm32f0xx_hal_adc.o(i.HAL_ADC_GetValue), (14 bytes).
    Removing stm32f0xx_hal_adc.o(i.HAL_ADC_IRQHandler), (264 bytes).
    Removing stm32f0xx_hal_adc.o(i.HAL_ADC_Init), (308 bytes).
    Removing stm32f0xx_hal_adc.o(i.HAL_ADC_LevelOutOfWindowCallback), (2 bytes).
    Removing stm32f0xx_hal_adc.o(i.HAL_ADC_MspDeInit), (2 bytes).
    Removing stm32f0xx_hal_adc.o(i.HAL_ADC_MspInit), (2 bytes).
    Removing stm32f0xx_hal_adc.o(i.HAL_ADC_PollForConversion), (106 bytes).
    Removing stm32f0xx_hal_adc.o(i.HAL_ADC_PollForEvent), (130 bytes).
    Removing stm32f0xx_hal_adc.o(i.HAL_ADC_Start), (104 bytes).
    Removing stm32f0xx_hal_adc.o(i.HAL_ADC_Start_DMA), (180 bytes).
    Removing stm32f0xx_hal_adc.o(i.HAL_ADC_Start_IT), (152 bytes).
    Removing stm32f0xx_hal_adc.o(i.HAL_ADC_Stop), (72 bytes).
    Removing stm32f0xx_hal_adc.o(i.HAL_ADC_Stop_DMA), (126 bytes).
    Removing stm32f0xx_hal_adc.o(i.HAL_ADC_Stop_IT), (84 bytes).
    Removing stm32f0xx_hal_adc_ex.o(.rev16_text), (4 bytes).
    Removing stm32f0xx_hal_adc_ex.o(.revsh_text), (4 bytes).
    Removing stm32f0xx_hal_adc_ex.o(i.HAL_ADCEx_Calibration_Start), (164 bytes).
    Removing stm32f0xx_hal_can.o(.rev16_text), (4 bytes).
    Removing stm32f0xx_hal_can.o(.revsh_text), (4 bytes).
    Removing stm32f0xx_hal_cec.o(.rev16_text), (4 bytes).
    Removing stm32f0xx_hal_cec.o(.revsh_text), (4 bytes).
    Removing stm32f0xx_hal_comp.o(.rev16_text), (4 bytes).
    Removing stm32f0xx_hal_comp.o(.revsh_text), (4 bytes).
    Removing stm32f0xx_hal_cortex.o(.rev16_text), (4 bytes).
    Removing stm32f0xx_hal_cortex.o(.revsh_text), (4 bytes).
    Removing stm32f0xx_hal_cortex.o(i.HAL_NVIC_ClearPendingIRQ), (24 bytes).
    Removing stm32f0xx_hal_cortex.o(i.HAL_NVIC_DisableIRQ), (24 bytes).
    Removing stm32f0xx_hal_cortex.o(i.HAL_NVIC_EnableIRQ), (24 bytes).
    Removing stm32f0xx_hal_cortex.o(i.HAL_NVIC_GetPendingIRQ), (40 bytes).
    Removing stm32f0xx_hal_cortex.o(i.HAL_NVIC_GetPriority), (72 bytes).
    Removing stm32f0xx_hal_cortex.o(i.HAL_NVIC_SetPendingIRQ), (24 bytes).
    Removing stm32f0xx_hal_cortex.o(i.HAL_NVIC_SystemReset), (32 bytes).
    Removing stm32f0xx_hal_cortex.o(i.HAL_SYSTICK_CLKSourceConfig), (36 bytes).
    Removing stm32f0xx_hal_cortex.o(i.HAL_SYSTICK_Callback), (2 bytes).
    Removing stm32f0xx_hal_cortex.o(i.HAL_SYSTICK_IRQHandler), (8 bytes).
    Removing stm32f0xx_hal_crc.o(.rev16_text), (4 bytes).
    Removing stm32f0xx_hal_crc.o(.revsh_text), (4 bytes).
    Removing stm32f0xx_hal_crc_ex.o(.rev16_text), (4 bytes).
    Removing stm32f0xx_hal_crc_ex.o(.revsh_text), (4 bytes).
    Removing stm32f0xx_hal_dac.o(.rev16_text), (4 bytes).
    Removing stm32f0xx_hal_dac.o(.revsh_text), (4 bytes).
    Removing stm32f0xx_hal_dac_ex.o(.rev16_text), (4 bytes).
    Removing stm32f0xx_hal_dac_ex.o(.revsh_text), (4 bytes).
    Removing stm32f0xx_hal_dma.o(.rev16_text), (4 bytes).
    Removing stm32f0xx_hal_dma.o(.revsh_text), (4 bytes).
    Removing stm32f0xx_hal_dma.o(i.DMA_SetConfig), (32 bytes).
    Removing stm32f0xx_hal_dma.o(i.HAL_DMA_Abort), (100 bytes).
    Removing stm32f0xx_hal_dma.o(i.HAL_DMA_DeInit), (276 bytes).
    Removing stm32f0xx_hal_dma.o(i.HAL_DMA_GetError), (6 bytes).
    Removing stm32f0xx_hal_dma.o(i.HAL_DMA_GetState), (8 bytes).
    Removing stm32f0xx_hal_dma.o(i.HAL_DMA_IRQHandler), (612 bytes).
    Removing stm32f0xx_hal_dma.o(i.HAL_DMA_Init), (76 bytes).
    Removing stm32f0xx_hal_dma.o(i.HAL_DMA_PollForTransfer), (548 bytes).
    Removing stm32f0xx_hal_dma.o(i.HAL_DMA_Start), (78 bytes).
    Removing stm32f0xx_hal_dma.o(i.HAL_DMA_Start_IT), (114 bytes).
    Removing stm32f0xx_hal_flash.o(.rev16_text), (4 bytes).
    Removing stm32f0xx_hal_flash.o(.revsh_text), (4 bytes).
    Removing stm32f0xx_hal_flash.o(i.FLASH_PageErase), (44 bytes).
    Removing stm32f0xx_hal_flash.o(i.FLASH_Program_HalfWord), (32 bytes).
    Removing stm32f0xx_hal_flash.o(i.FLASH_SetErrorCode), (64 bytes).
    Removing stm32f0xx_hal_flash.o(i.FLASH_WaitForLastOperation), (104 bytes).
    Removing stm32f0xx_hal_flash.o(i.HAL_FLASH_EndOfOperationCallback), (2 bytes).
    Removing stm32f0xx_hal_flash.o(i.HAL_FLASH_GetError), (12 bytes).
    Removing stm32f0xx_hal_flash.o(i.HAL_FLASH_IRQHandler), (384 bytes).
    Removing stm32f0xx_hal_flash.o(i.HAL_FLASH_Lock), (20 bytes).
    Removing stm32f0xx_hal_flash.o(i.HAL_FLASH_OB_Launch), (44 bytes).
    Removing stm32f0xx_hal_flash.o(i.HAL_FLASH_OB_Lock), (24 bytes).
    Removing stm32f0xx_hal_flash.o(i.HAL_FLASH_OB_Unlock), (48 bytes).
    Removing stm32f0xx_hal_flash.o(i.HAL_FLASH_OperationErrorCallback), (2 bytes).
    Removing stm32f0xx_hal_flash.o(i.HAL_FLASH_Program), (188 bytes).
    Removing stm32f0xx_hal_flash.o(i.HAL_FLASH_Program_IT), (120 bytes).
    Removing stm32f0xx_hal_flash.o(i.HAL_FLASH_Unlock), (44 bytes).
    Removing stm32f0xx_hal_flash.o(.bss), (32 bytes).
    Removing stm32f0xx_hal_flash_ex.o(.rev16_text), (4 bytes).
    Removing stm32f0xx_hal_flash_ex.o(.revsh_text), (4 bytes).
    Removing stm32f0xx_hal_flash_ex.o(i.FLASH_MassErase), (40 bytes).
    Removing stm32f0xx_hal_flash_ex.o(i.FLASH_OB_DisableWRP), (132 bytes).
    Removing stm32f0xx_hal_flash_ex.o(i.FLASH_OB_EnableWRP), (136 bytes).
    Removing stm32f0xx_hal_flash_ex.o(i.FLASH_OB_GetRDP), (24 bytes).
    Removing stm32f0xx_hal_flash_ex.o(i.FLASH_OB_GetUser), (16 bytes).
    Removing stm32f0xx_hal_flash_ex.o(i.FLASH_OB_GetWRP), (12 bytes).
    Removing stm32f0xx_hal_flash_ex.o(i.FLASH_OB_ProgramData), (76 bytes).
    Removing stm32f0xx_hal_flash_ex.o(i.FLASH_OB_RDP_LevelConfig), (80 bytes).
    Removing stm32f0xx_hal_flash_ex.o(i.FLASH_OB_UserConfig), (84 bytes).
    Removing stm32f0xx_hal_flash_ex.o(i.HAL_FLASHEx_Erase), (168 bytes).
    Removing stm32f0xx_hal_flash_ex.o(i.HAL_FLASHEx_Erase_IT), (104 bytes).
    Removing stm32f0xx_hal_flash_ex.o(i.HAL_FLASHEx_OBErase), (124 bytes).
    Removing stm32f0xx_hal_flash_ex.o(i.HAL_FLASHEx_OBGetConfig), (28 bytes).
    Removing stm32f0xx_hal_flash_ex.o(i.HAL_FLASHEx_OBProgram), (98 bytes).
    Removing stm32f0xx_hal_gpio.o(.rev16_text), (4 bytes).
    Removing stm32f0xx_hal_gpio.o(.revsh_text), (4 bytes).
    Removing stm32f0xx_hal_gpio.o(i.HAL_GPIO_DeInit), (268 bytes).
    Removing stm32f0xx_hal_gpio.o(i.HAL_GPIO_EXTI_Callback), (2 bytes).
    Removing stm32f0xx_hal_gpio.o(i.HAL_GPIO_EXTI_IRQHandler), (32 bytes).
    Removing stm32f0xx_hal_gpio.o(i.HAL_GPIO_LockPin), (50 bytes).
    Removing stm32f0xx_hal_gpio.o(i.HAL_GPIO_ReadPin), (18 bytes).
    Removing stm32f0xx_hal_gpio.o(i.HAL_GPIO_TogglePin), (8 bytes).
    Removing stm32f0xx_hal_i2c.o(.rev16_text), (4 bytes).
    Removing stm32f0xx_hal_i2c.o(.revsh_text), (4 bytes).
    Removing stm32f0xx_hal_i2c_ex.o(.rev16_text), (4 bytes).
    Removing stm32f0xx_hal_i2c_ex.o(.revsh_text), (4 bytes).
    Removing stm32f0xx_hal_i2s.o(.rev16_text), (4 bytes).
    Removing stm32f0xx_hal_i2s.o(.revsh_text), (4 bytes).
    Removing stm32f0xx_hal_irda.o(.rev16_text), (4 bytes).
    Removing stm32f0xx_hal_irda.o(.revsh_text), (4 bytes).
    Removing stm32f0xx_hal_iwdg.o(.rev16_text), (4 bytes).
    Removing stm32f0xx_hal_iwdg.o(.revsh_text), (4 bytes).
    Removing stm32f0xx_hal_msp_template.o(.rev16_text), (4 bytes).
    Removing stm32f0xx_hal_msp_template.o(.revsh_text), (4 bytes).
    Removing stm32f0xx_hal_msp_template.o(i.HAL_MspDeInit), (2 bytes).
    Removing stm32f0xx_hal_msp_template.o(i.HAL_PPP_MspDeInit), (2 bytes).
    Removing stm32f0xx_hal_msp_template.o(i.HAL_PPP_MspInit), (2 bytes).
    Removing stm32f0xx_hal_pcd.o(.rev16_text), (4 bytes).
    Removing stm32f0xx_hal_pcd.o(.revsh_text), (4 bytes).
    Removing stm32f0xx_hal_pcd_ex.o(.rev16_text), (4 bytes).
    Removing stm32f0xx_hal_pcd_ex.o(.revsh_text), (4 bytes).
    Removing stm32f0xx_hal_pwr.o(.rev16_text), (4 bytes).
    Removing stm32f0xx_hal_pwr.o(.revsh_text), (4 bytes).
    Removing stm32f0xx_hal_pwr_ex.o(.rev16_text), (4 bytes).
    Removing stm32f0xx_hal_pwr_ex.o(.revsh_text), (4 bytes).
    Removing stm32f0xx_hal_rcc.o(.rev16_text), (4 bytes).
    Removing stm32f0xx_hal_rcc.o(.revsh_text), (4 bytes).
    Removing stm32f0xx_hal_rcc.o(i.HAL_RCC_CCSCallback), (2 bytes).
    Removing stm32f0xx_hal_rcc.o(i.HAL_RCC_ClockConfig), (6 bytes).
    Removing stm32f0xx_hal_rcc.o(i.HAL_RCC_DeInit), (76 bytes).
    Removing stm32f0xx_hal_rcc.o(i.HAL_RCC_DisableCSS), (20 bytes).
    Removing stm32f0xx_hal_rcc.o(i.HAL_RCC_EnableCSS), (20 bytes).
    Removing stm32f0xx_hal_rcc.o(i.HAL_RCC_GetClockConfig), (56 bytes).
    Removing stm32f0xx_hal_rcc.o(i.HAL_RCC_GetOscConfig), (248 bytes).
    Removing stm32f0xx_hal_rcc.o(i.HAL_RCC_GetPCLK1Freq), (36 bytes).
    Removing stm32f0xx_hal_rcc.o(i.HAL_RCC_GetSysClockFreq), (4 bytes).
    Removing stm32f0xx_hal_rcc.o(i.HAL_RCC_MCOConfig), (76 bytes).
    Removing stm32f0xx_hal_rcc.o(i.HAL_RCC_NMI_IRQHandler), (32 bytes).
    Removing stm32f0xx_hal_rcc.o(i.HAL_RCC_OscConfig), (6 bytes).
    Removing stm32f0xx_hal_rcc_ex.o(.rev16_text), (4 bytes).
    Removing stm32f0xx_hal_rcc_ex.o(.revsh_text), (4 bytes).
    Removing stm32f0xx_hal_rcc_ex.o(i.HAL_RCCEx_GetPeriphCLKConfig), (48 bytes).
    Removing stm32f0xx_hal_rcc_ex.o(i.HAL_RCCEx_PeriphCLKConfig), (276 bytes).
    Removing stm32f0xx_hal_rtc.o(.rev16_text), (4 bytes).
    Removing stm32f0xx_hal_rtc.o(.revsh_text), (4 bytes).
    Removing stm32f0xx_hal_rtc_ex.o(.rev16_text), (4 bytes).
    Removing stm32f0xx_hal_rtc_ex.o(.revsh_text), (4 bytes).
    Removing stm32f0xx_hal_smartcard.o(.rev16_text), (4 bytes).
    Removing stm32f0xx_hal_smartcard.o(.revsh_text), (4 bytes).
    Removing stm32f0xx_hal_smartcard_ex.o(.rev16_text), (4 bytes).
    Removing stm32f0xx_hal_smartcard_ex.o(.revsh_text), (4 bytes).
    Removing stm32f0xx_hal_smbus.o(.rev16_text), (4 bytes).
    Removing stm32f0xx_hal_smbus.o(.revsh_text), (4 bytes).
    Removing stm32f0xx_hal_spi.o(.rev16_text), (4 bytes).
    Removing stm32f0xx_hal_spi.o(.revsh_text), (4 bytes).
    Removing stm32f0xx_hal_tim.o(.rev16_text), (4 bytes).
    Removing stm32f0xx_hal_tim.o(.revsh_text), (4 bytes).
    Removing stm32f0xx_hal_tim_ex.o(.rev16_text), (4 bytes).
    Removing stm32f0xx_hal_tim_ex.o(.revsh_text), (4 bytes).
    Removing stm32f0xx_hal_tsc.o(.rev16_text), (4 bytes).
    Removing stm32f0xx_hal_tsc.o(.revsh_text), (4 bytes).
    Removing stm32f0xx_hal_uart.o(.rev16_text), (4 bytes).
    Removing stm32f0xx_hal_uart.o(.revsh_text), (4 bytes).
    Removing stm32f0xx_hal_uart.o(i.HAL_HalfDuplex_EnableReceiver), (74 bytes).
    Removing stm32f0xx_hal_uart.o(i.HAL_HalfDuplex_EnableTransmitter), (74 bytes).
    Removing stm32f0xx_hal_uart.o(i.HAL_HalfDuplex_Init), (126 bytes).
    Removing stm32f0xx_hal_uart.o(i.HAL_MultiProcessor_DisableMuteMode), (58 bytes).
    Removing stm32f0xx_hal_uart.o(i.HAL_MultiProcessor_EnableMuteMode), (58 bytes).
    Removing stm32f0xx_hal_uart.o(i.HAL_MultiProcessor_EnterMuteMode), (14 bytes).
    Removing stm32f0xx_hal_uart.o(i.HAL_MultiProcessor_Init), (158 bytes).
    Removing stm32f0xx_hal_uart.o(i.HAL_UART_DMAPause), (114 bytes).
    Removing stm32f0xx_hal_uart.o(i.HAL_UART_DMAResume), (134 bytes).
    Removing stm32f0xx_hal_uart.o(i.HAL_UART_DMAStop), (106 bytes).
    Removing stm32f0xx_hal_uart.o(i.HAL_UART_DeInit), (72 bytes).
    Removing stm32f0xx_hal_uart.o(i.HAL_UART_ErrorCallback), (2 bytes).
    Removing stm32f0xx_hal_uart.o(i.HAL_UART_GetError), (6 bytes).
    Removing stm32f0xx_hal_uart.o(i.HAL_UART_GetState), (8 bytes).
    Removing stm32f0xx_hal_uart.o(i.HAL_UART_Init), (124 bytes).
    Removing stm32f0xx_hal_uart.o(i.HAL_UART_MspDeInit), (2 bytes).
    Removing stm32f0xx_hal_uart.o(i.HAL_UART_MspInit), (2 bytes).
    Removing stm32f0xx_hal_uart.o(i.HAL_UART_Receive), (300 bytes).
    Removing stm32f0xx_hal_uart.o(i.HAL_UART_Receive_DMA), (172 bytes).
    Removing stm32f0xx_hal_uart.o(i.HAL_UART_Receive_IT), (212 bytes).
    Removing stm32f0xx_hal_uart.o(i.HAL_UART_RxCpltCallback), (2 bytes).
    Removing stm32f0xx_hal_uart.o(i.HAL_UART_RxHalfCpltCallback), (2 bytes).
    Removing stm32f0xx_hal_uart.o(i.HAL_UART_Transmit), (238 bytes).
    Removing stm32f0xx_hal_uart.o(i.HAL_UART_Transmit_DMA), (176 bytes).
    Removing stm32f0xx_hal_uart.o(i.HAL_UART_Transmit_IT), (132 bytes).
    Removing stm32f0xx_hal_uart.o(i.HAL_UART_TxCpltCallback), (2 bytes).
    Removing stm32f0xx_hal_uart.o(i.HAL_UART_TxHalfCpltCallback), (2 bytes).
    Removing stm32f0xx_hal_uart.o(i.UART_AdvFeatureConfig), (240 bytes).
    Removing stm32f0xx_hal_uart.o(i.UART_CheckIdleState), (96 bytes).
    Removing stm32f0xx_hal_uart.o(i.UART_DMAError), (38 bytes).
    Removing stm32f0xx_hal_uart.o(i.UART_DMAReceiveCplt), (54 bytes).
    Removing stm32f0xx_hal_uart.o(i.UART_DMARxHalfCplt), (14 bytes).
    Removing stm32f0xx_hal_uart.o(i.UART_DMATransmitCplt), (88 bytes).
    Removing stm32f0xx_hal_uart.o(i.UART_DMATxHalfCplt), (14 bytes).
    Removing stm32f0xx_hal_uart.o(i.UART_Receive_IT), (168 bytes).
    Removing stm32f0xx_hal_uart.o(i.UART_SetConfig), (440 bytes).
    Removing stm32f0xx_hal_uart.o(i.UART_Transmit_IT), (122 bytes).
    Removing stm32f0xx_hal_uart.o(i.UART_WaitOnFlagUntilTimeout), (254 bytes).
    Removing stm32f0xx_hal_uart_ex.o(.rev16_text), (4 bytes).
    Removing stm32f0xx_hal_uart_ex.o(.revsh_text), (4 bytes).
    Removing stm32f0xx_hal_uart_ex.o(i.HAL_MultiProcessorEx_AddressLength_Set), (66 bytes).
    Removing stm32f0xx_hal_uart_ex.o(i.HAL_UART_IRQHandler), (290 bytes).
    Removing stm32f0xx_hal_uart_ex.o(i.UART_EndTransmit_IT), (60 bytes).
    Removing stm32f0xx_hal_usart.o(.rev16_text), (4 bytes).
    Removing stm32f0xx_hal_usart.o(.revsh_text), (4 bytes).
    Removing stm32f0xx_hal_usart.o(i.HAL_USART_DMAPause), (114 bytes).
    Removing stm32f0xx_hal_usart.o(i.HAL_USART_DMAResume), (138 bytes).
    Removing stm32f0xx_hal_usart.o(i.HAL_USART_DMAStop), (106 bytes).
    Removing stm32f0xx_hal_usart.o(i.HAL_USART_DeInit), (60 bytes).
    Removing stm32f0xx_hal_usart.o(i.HAL_USART_ErrorCallback), (2 bytes).
    Removing stm32f0xx_hal_usart.o(i.HAL_USART_GetError), (6 bytes).
    Removing stm32f0xx_hal_usart.o(i.HAL_USART_GetState), (8 bytes).
    Removing stm32f0xx_hal_usart.o(i.HAL_USART_IRQHandler), (312 bytes).
    Removing stm32f0xx_hal_usart.o(i.HAL_USART_Init), (102 bytes).
    Removing stm32f0xx_hal_usart.o(i.HAL_USART_MspDeInit), (2 bytes).
    Removing stm32f0xx_hal_usart.o(i.HAL_USART_MspInit), (2 bytes).
    Removing stm32f0xx_hal_usart.o(i.HAL_USART_Receive), (264 bytes).
    Removing stm32f0xx_hal_usart.o(i.HAL_USART_Receive_DMA), (184 bytes).
    Removing stm32f0xx_hal_usart.o(i.HAL_USART_Receive_IT), (200 bytes).
    Removing stm32f0xx_hal_usart.o(i.HAL_USART_RxCpltCallback), (2 bytes).
    Removing stm32f0xx_hal_usart.o(i.HAL_USART_RxHalfCpltCallback), (2 bytes).
    Removing stm32f0xx_hal_usart.o(i.HAL_USART_Transmit), (188 bytes).
    Removing stm32f0xx_hal_usart.o(i.HAL_USART_TransmitReceive), (320 bytes).
    Removing stm32f0xx_hal_usart.o(i.HAL_USART_TransmitReceive_DMA), (216 bytes).
    Removing stm32f0xx_hal_usart.o(i.HAL_USART_TransmitReceive_IT), (196 bytes).
    Removing stm32f0xx_hal_usart.o(i.HAL_USART_Transmit_DMA), (148 bytes).
    Removing stm32f0xx_hal_usart.o(i.HAL_USART_Transmit_IT), (92 bytes).
    Removing stm32f0xx_hal_usart.o(i.HAL_USART_TxCpltCallback), (2 bytes).
    Removing stm32f0xx_hal_usart.o(i.HAL_USART_TxHalfCpltCallback), (2 bytes).
    Removing stm32f0xx_hal_usart.o(i.HAL_USART_TxRxCpltCallback), (2 bytes).
    Removing stm32f0xx_hal_usart.o(i.USART_CheckIdleState), (108 bytes).
    Removing stm32f0xx_hal_usart.o(i.USART_DMAError), (34 bytes).
    Removing stm32f0xx_hal_usart.o(i.USART_DMAReceiveCplt), (48 bytes).
    Removing stm32f0xx_hal_usart.o(i.USART_DMARxHalfCplt), (14 bytes).
    Removing stm32f0xx_hal_usart.o(i.USART_DMATransmitCplt), (88 bytes).
    Removing stm32f0xx_hal_usart.o(i.USART_DMATxHalfCplt), (14 bytes).
    Removing stm32f0xx_hal_usart.o(i.USART_EndTransmit_IT), (44 bytes).
    Removing stm32f0xx_hal_usart.o(i.USART_Receive_IT), (146 bytes).
    Removing stm32f0xx_hal_usart.o(i.USART_SetConfig), (276 bytes).
    Removing stm32f0xx_hal_usart.o(i.USART_TransmitReceive_IT), (250 bytes).
    Removing stm32f0xx_hal_usart.o(i.USART_Transmit_IT), (108 bytes).
    Removing stm32f0xx_hal_usart.o(i.USART_WaitOnFlagUntilTimeout), (254 bytes).
    Removing stm32f0xx_hal_wwdg.o(.rev16_text), (4 bytes).
    Removing stm32f0xx_hal_wwdg.o(.revsh_text), (4 bytes).
    Removing arg.o(.rev16_text), (4 bytes).
    Removing arg.o(.revsh_text), (4 bytes).
    Removing arg.o(i.arg_alloc), (28 bytes).
    Removing arg.o(i.arg_free), (20 bytes).
    Removing arg.o(i.arg_init), (12 bytes).
    Removing arg.o(.bss), (129 bytes).
    Removing autostart.o(i.autostart_exit), (28 bytes).
    Removing autostart.o(i.autostart_start), (30 bytes).
    Removing ctimer.o(.rev16_text), (4 bytes).
    Removing ctimer.o(.revsh_text), (4 bytes).
    Removing ctimer.o(i.ctimer_expired), (60 bytes).
    Removing ctimer.o(i.ctimer_init), (40 bytes).
    Removing ctimer.o(i.ctimer_reset), (64 bytes).
    Removing ctimer.o(i.ctimer_restart), (64 bytes).
    Removing ctimer.o(i.ctimer_set), (88 bytes).
    Removing ctimer.o(i.ctimer_stop), (48 bytes).
    Removing ctimer.o(i.process_thread_ctimer_process), (180 bytes).
    Removing ctimer.o(.conststring), (15 bytes).
    Removing ctimer.o(.data), (28 bytes).
    Removing etimer.o(i.etimer_adjust), (18 bytes).
    Removing etimer.o(i.etimer_expiration_time), (10 bytes).
    Removing etimer.o(i.etimer_next_expiration_time), (24 bytes).
    Removing etimer.o(i.etimer_reset), (18 bytes).
    Removing etimer.o(i.etimer_restart), (18 bytes).
    Removing etimer.o(i.etimer_start_time), (6 bytes).
    Removing etimer.o(i.etimer_stop), (72 bytes).
    Removing process.o(i.process_alloc_event), (20 bytes).
    Removing process.o(i.process_exit), (20 bytes).
    Removing process.o(i.process_nevents), (20 bytes).
    Removing procinit.o(.rev16_text), (4 bytes).
    Removing procinit.o(.revsh_text), (4 bytes).
    Removing procinit.o(i.procinit_init), (36 bytes).
    Removing stimer.o(i.stimer_elapsed), (14 bytes).
    Removing stimer.o(i.stimer_expired), (36 bytes).
    Removing stimer.o(i.stimer_remaining), (18 bytes).
    Removing stimer.o(i.stimer_reset), (10 bytes).
    Removing stimer.o(i.stimer_restart), (12 bytes).
    Removing stimer.o(i.stimer_set), (16 bytes).
    Removing timer.o(i.timer_remaining), (18 bytes).
    Removing timer.o(i.timer_reset), (10 bytes).
    Removing timer.o(i.timer_restart), (12 bytes).
    Removing crc16.o(i.crc16_add), (46 bytes).
    Removing crc16.o(i.crc16_data), (34 bytes).
    Removing list.o(i.list_add), (38 bytes).
    Removing list.o(i.list_chop), (48 bytes).
    Removing list.o(i.list_copy), (6 bytes).
    Removing list.o(i.list_head), (6 bytes).
    Removing list.o(i.list_init), (6 bytes).
    Removing list.o(i.list_insert), (30 bytes).
    Removing list.o(i.list_item_next), (12 bytes).
    Removing list.o(i.list_length), (18 bytes).
    Removing list.o(i.list_pop), (18 bytes).
    Removing list.o(i.list_push), (22 bytes).
    Removing list.o(i.list_remove), (56 bytes).
    Removing list.o(i.list_tail), (26 bytes).
    Removing memb.o(.rev16_text), (4 bytes).
    Removing memb.o(.revsh_text), (4 bytes).
    Removing memb.o(i.memb_alloc), (46 bytes).
    Removing memb.o(i.memb_free), (56 bytes).
    Removing memb.o(i.memb_init), (28 bytes).
    Removing memb.o(i.memb_inmemb), (30 bytes).
    Removing memb.o(i.memb_numfree), (28 bytes).
    Removing mmem.o(i.mmem_alloc), (72 bytes).
    Removing mmem.o(i.mmem_free), (96 bytes).
    Removing mmem.o(i.mmem_init), (52 bytes).
    Removing mmem.o(.bss), (4096 bytes).
    Removing mmem.o(.data), (16 bytes).
    Removing random.o(i.random_init), (12 bytes).
    Removing random.o(i.random_rand), (10 bytes).
    Removing ringbuf.o(i.ringbuf_elements), (14 bytes).
    Removing ringbuf.o(i.ringbuf_get), (42 bytes).
    Removing ringbuf.o(i.ringbuf_init), (14 bytes).
    Removing ringbuf.o(i.ringbuf_put), (40 bytes).
    Removing ringbuf.o(i.ringbuf_size), (8 bytes).
    Removing clock.o(.rev16_text), (4 bytes).
    Removing clock.o(.revsh_text), (4 bytes).
    Removing clock.o(i.clock_delay), (2 bytes).
    Removing clock.o(i.clock_seconds), (12 bytes).
    Removing clock.o(i.clock_wait), (24 bytes).

360 unused section(s) (total 24156 bytes) removed from the image.

==============================================================================

Image Symbol Table

    Local Symbols

    Symbol Name                              Value     Ov Type        Size  Object(Section)

    ../clib/angel/boardlib.s                 0x00000000   Number         0  boardinit2.o ABSOLUTE
    ../clib/angel/boardlib.s                 0x00000000   Number         0  boardshut.o ABSOLUTE
    ../clib/angel/boardlib.s                 0x00000000   Number         0  boardinit1.o ABSOLUTE
    ../clib/angel/boardlib.s                 0x00000000   Number         0  boardinit3.o ABSOLUTE
    ../clib/angel/handlers.s                 0x00000000   Number         0  __scatter_zi.o ABSOLUTE
    ../clib/angel/handlers.s                 0x00000000   Number         0  __scatter_copy.o ABSOLUTE
    ../clib/angel/kernel.s                   0x00000000   Number         0  __rtentry4.o ABSOLUTE
    ../clib/angel/kernel.s                   0x00000000   Number         0  __rtentry2.o ABSOLUTE
    ../clib/angel/kernel.s                   0x00000000   Number         0  __rtentry.o ABSOLUTE
    ../clib/angel/kernel.s                   0x00000000   Number         0  rtexit2.o ABSOLUTE
    ../clib/angel/kernel.s                   0x00000000   Number         0  rtexit.o ABSOLUTE
    ../clib/angel/rt.s                       0x00000000   Number         0  aeabi_idiv0_sigfpe.o ABSOLUTE
    ../clib/angel/rt.s                       0x00000000   Number         0  aeabi_idiv0.o ABSOLUTE
    ../clib/angel/rt.s                       0x00000000   Number         0  rt_div0.o ABSOLUTE
    ../clib/angel/rt.s                       0x00000000   Number         0  rt_raise.o ABSOLUTE
    ../clib/angel/scatterp.s                 0x00000000   Number         0  __scatter.o ABSOLUTE
    ../clib/angel/startup.s                  0x00000000   Number         0  __main.o ABSOLUTE
    ../clib/angel/sys.s                      0x00000000   Number         0  sys_stackheap_outer.o ABSOLUTE
    ../clib/angel/sys.s                      0x00000000   Number         0  indicate_semi.o ABSOLUTE
    ../clib/angel/sys.s                      0x00000000   Number         0  use_no_semi.o ABSOLUTE
    ../clib/angel/sys.s                      0x00000000   Number         0  libspace.o ABSOLUTE
    ../clib/angel/sys.s                      0x00000000   Number         0  tempstk.o ABSOLUTE
    ../clib/angel/sysapp.c                   0x00000000   Number         0  sys_wrch.o ABSOLUTE
    ../clib/angel/sysapp.c                   0x00000000   Number         0  sys_exit.o ABSOLUTE
    ../clib/angel/sysapp.c                   0x00000000   Number         0  sys_command.o ABSOLUTE
    ../clib/armsys.c                         0x00000000   Number         0  argv_veneer.o ABSOLUTE
    ../clib/armsys.c                         0x00000000   Number         0  no_argv.o ABSOLUTE
    ../clib/armsys.c                         0x00000000   Number         0  _get_argv_nomalloc.o ABSOLUTE
    ../clib/division.s                       0x00000000   Number         0  aeabi_sdiv_div0.o ABSOLUTE
    ../clib/division.s                       0x00000000   Number         0  aeabi_sdiv.o ABSOLUTE
    ../clib/heapalloc.c                      0x00000000   Number         0  hrguard.o ABSOLUTE
    ../clib/heapaux.c                        0x00000000   Number         0  heapauxi.o ABSOLUTE
    ../clib/libinit.s                        0x00000000   Number         0  libshutdown.o ABSOLUTE
    ../clib/libinit.s                        0x00000000   Number         0  libinit.o ABSOLUTE
    ../clib/libinit.s                        0x00000000   Number         0  libinit2.o ABSOLUTE
    ../clib/libinit.s                        0x00000000   Number         0  libshutdown2.o ABSOLUTE
    ../clib/longlong.c                       0x00000000   Number         0  llushr.o ABSOLUTE
    ../clib/memcpset.c                       0x00000000   Number         0  rt_memcpy.o ABSOLUTE
    ../clib/memcpset.c                       0x00000000   Number         0  rt_memclr.o ABSOLUTE
    ../clib/memcpset.c                       0x00000000   Number         0  rt_memmove.o ABSOLUTE
    ../clib/memcpset.c                       0x00000000   Number         0  rt_memcpy.o ABSOLUTE
    ../clib/signal.c                         0x00000000   Number         0  defsig_rtmem_inner.o ABSOLUTE
    ../clib/signal.c                         0x00000000   Number         0  defsig_general.o ABSOLUTE
    ../clib/signal.c                         0x00000000   Number         0  __raise.o ABSOLUTE
    ../clib/signal.c                         0x00000000   Number         0  defsig_rtmem_formal.o ABSOLUTE
    ../clib/signal.c                         0x00000000   Number         0  defsig_rtmem_outer.o ABSOLUTE
    ../clib/signal.c                         0x00000000   Number         0  defsig_exit.o ABSOLUTE
    ../clib/signal.c                         0x00000000   Number         0  defsig_other.o ABSOLUTE
    ../clib/signal.c                         0x00000000   Number         0  defsig_fpe_inner.o ABSOLUTE
    ../clib/signal.c                         0x00000000   Number         0  defsig_segv_inner.o ABSOLUTE
    ../clib/signal.c                         0x00000000   Number         0  defsig_fpe_formal.o ABSOLUTE
    ../clib/signal.c                         0x00000000   Number         0  defsig_cppl_inner.o ABSOLUTE
    ../clib/signal.c                         0x00000000   Number         0  defsig_fpe_outer.o ABSOLUTE
    ../clib/signal.c                         0x00000000   Number         0  defsig_pvfn_inner.o ABSOLUTE
    ../clib/signal.c                         0x00000000   Number         0  defsig_stak_inner.o ABSOLUTE
    ../clib/signal.c                         0x00000000   Number         0  defsig_rtred_inner.o ABSOLUTE
    ../clib/signal.c                         0x00000000   Number         0  defsig_abrt_inner.o ABSOLUTE
    ../clib/signal.s                         0x00000000   Number         0  defsig.o ABSOLUTE
    ../clib/stdlib.c                         0x00000000   Number         0  rand.o ABSOLUTE
    ../clib/stdlib.c                         0x00000000   Number         0  exit.o ABSOLUTE
    ../clib/stdlib.c                         0x00000000   Number         0  rand.o ABSOLUTE
    ../fplib/cfplib/fpinit.c                 0x00000000   Number         0  fpinit.o ABSOLUTE
    ..\..\cmsis\src\system_stm32f0xx.c       0x00000000   Number         0  system_stm32f0xx.o ABSOLUTE
    ..\..\contiki\core\lib\crc16.c           0x00000000   Number         0  crc16.o ABSOLUTE
    ..\..\contiki\core\lib\list.c            0x00000000   Number         0  list.o ABSOLUTE
    ..\..\contiki\core\lib\memb.c            0x00000000   Number         0  memb.o ABSOLUTE
    ..\..\contiki\core\lib\mmem.c            0x00000000   Number         0  mmem.o ABSOLUTE
    ..\..\contiki\core\lib\random.c          0x00000000   Number         0  random.o ABSOLUTE
    ..\..\contiki\core\lib\ringbuf.c         0x00000000   Number         0  ringbuf.o ABSOLUTE
    ..\..\contiki\core\sys\arg.c             0x00000000   Number         0  arg.o ABSOLUTE
    ..\..\contiki\core\sys\autostart.c       0x00000000   Number         0  autostart.o ABSOLUTE
    ..\..\contiki\core\sys\ctimer.c          0x00000000   Number         0  ctimer.o ABSOLUTE
    ..\..\contiki\core\sys\etimer.c          0x00000000   Number         0  etimer.o ABSOLUTE
    ..\..\contiki\core\sys\process.c         0x00000000   Number         0  process.o ABSOLUTE
    ..\..\contiki\core\sys\procinit.c        0x00000000   Number         0  procinit.o ABSOLUTE
    ..\..\contiki\core\sys\stimer.c          0x00000000   Number         0  stimer.o ABSOLUTE
    ..\..\contiki\core\sys\timer.c           0x00000000   Number         0  timer.o ABSOLUTE
    ..\..\contiki\cpu\arm\stm32f030\clock.c  0x00000000   Number         0  clock.o ABSOLUTE
    ..\..\lib\Src\stm32f0xx_hal.c            0x00000000   Number         0  stm32f0xx_hal.o ABSOLUTE
    ..\..\lib\Src\stm32f0xx_hal_adc.c        0x00000000   Number         0  stm32f0xx_hal_adc.o ABSOLUTE
    ..\..\lib\Src\stm32f0xx_hal_adc_ex.c     0x00000000   Number         0  stm32f0xx_hal_adc_ex.o ABSOLUTE
    ..\..\lib\Src\stm32f0xx_hal_can.c        0x00000000   Number         0  stm32f0xx_hal_can.o ABSOLUTE
    ..\..\lib\Src\stm32f0xx_hal_cec.c        0x00000000   Number         0  stm32f0xx_hal_cec.o ABSOLUTE
    ..\..\lib\Src\stm32f0xx_hal_comp.c       0x00000000   Number         0  stm32f0xx_hal_comp.o ABSOLUTE
    ..\..\lib\Src\stm32f0xx_hal_cortex.c     0x00000000   Number         0  stm32f0xx_hal_cortex.o ABSOLUTE
    ..\..\lib\Src\stm32f0xx_hal_crc.c        0x00000000   Number         0  stm32f0xx_hal_crc.o ABSOLUTE
    ..\..\lib\Src\stm32f0xx_hal_crc_ex.c     0x00000000   Number         0  stm32f0xx_hal_crc_ex.o ABSOLUTE
    ..\..\lib\Src\stm32f0xx_hal_dac.c        0x00000000   Number         0  stm32f0xx_hal_dac.o ABSOLUTE
    ..\..\lib\Src\stm32f0xx_hal_dac_ex.c     0x00000000   Number         0  stm32f0xx_hal_dac_ex.o ABSOLUTE
    ..\..\lib\Src\stm32f0xx_hal_dma.c        0x00000000   Number         0  stm32f0xx_hal_dma.o ABSOLUTE
    ..\..\lib\Src\stm32f0xx_hal_flash.c      0x00000000   Number         0  stm32f0xx_hal_flash.o ABSOLUTE
    ..\..\lib\Src\stm32f0xx_hal_flash_ex.c   0x00000000   Number         0  stm32f0xx_hal_flash_ex.o ABSOLUTE
    ..\..\lib\Src\stm32f0xx_hal_gpio.c       0x00000000   Number         0  stm32f0xx_hal_gpio.o ABSOLUTE
    ..\..\lib\Src\stm32f0xx_hal_i2c.c        0x00000000   Number         0  stm32f0xx_hal_i2c.o ABSOLUTE
    ..\..\lib\Src\stm32f0xx_hal_i2c_ex.c     0x00000000   Number         0  stm32f0xx_hal_i2c_ex.o ABSOLUTE
    ..\..\lib\Src\stm32f0xx_hal_i2s.c        0x00000000   Number         0  stm32f0xx_hal_i2s.o ABSOLUTE
    ..\..\lib\Src\stm32f0xx_hal_irda.c       0x00000000   Number         0  stm32f0xx_hal_irda.o ABSOLUTE
    ..\..\lib\Src\stm32f0xx_hal_iwdg.c       0x00000000   Number         0  stm32f0xx_hal_iwdg.o ABSOLUTE
    ..\..\lib\Src\stm32f0xx_hal_msp_template.c 0x00000000   Number         0  stm32f0xx_hal_msp_template.o ABSOLUTE
    ..\..\lib\Src\stm32f0xx_hal_pcd.c        0x00000000   Number         0  stm32f0xx_hal_pcd.o ABSOLUTE
    ..\..\lib\Src\stm32f0xx_hal_pcd_ex.c     0x00000000   Number         0  stm32f0xx_hal_pcd_ex.o ABSOLUTE
    ..\..\lib\Src\stm32f0xx_hal_pwr.c        0x00000000   Number         0  stm32f0xx_hal_pwr.o ABSOLUTE
    ..\..\lib\Src\stm32f0xx_hal_pwr_ex.c     0x00000000   Number         0  stm32f0xx_hal_pwr_ex.o ABSOLUTE
    ..\..\lib\Src\stm32f0xx_hal_rcc.c        0x00000000   Number         0  stm32f0xx_hal_rcc.o ABSOLUTE
    ..\..\lib\Src\stm32f0xx_hal_rcc_ex.c     0x00000000   Number         0  stm32f0xx_hal_rcc_ex.o ABSOLUTE
    ..\..\lib\Src\stm32f0xx_hal_rtc.c        0x00000000   Number         0  stm32f0xx_hal_rtc.o ABSOLUTE
    ..\..\lib\Src\stm32f0xx_hal_rtc_ex.c     0x00000000   Number         0  stm32f0xx_hal_rtc_ex.o ABSOLUTE
    ..\..\lib\Src\stm32f0xx_hal_smartcard.c  0x00000000   Number         0  stm32f0xx_hal_smartcard.o ABSOLUTE
    ..\..\lib\Src\stm32f0xx_hal_smartcard_ex.c 0x00000000   Number         0  stm32f0xx_hal_smartcard_ex.o ABSOLUTE
    ..\..\lib\Src\stm32f0xx_hal_smbus.c      0x00000000   Number         0  stm32f0xx_hal_smbus.o ABSOLUTE
    ..\..\lib\Src\stm32f0xx_hal_spi.c        0x00000000   Number         0  stm32f0xx_hal_spi.o ABSOLUTE
    ..\..\lib\Src\stm32f0xx_hal_tim.c        0x00000000   Number         0  stm32f0xx_hal_tim.o ABSOLUTE
    ..\..\lib\Src\stm32f0xx_hal_tim_ex.c     0x00000000   Number         0  stm32f0xx_hal_tim_ex.o ABSOLUTE
    ..\..\lib\Src\stm32f0xx_hal_tsc.c        0x00000000   Number         0  stm32f0xx_hal_tsc.o ABSOLUTE
    ..\..\lib\Src\stm32f0xx_hal_uart.c       0x00000000   Number         0  stm32f0xx_hal_uart.o ABSOLUTE
    ..\..\lib\Src\stm32f0xx_hal_uart_ex.c    0x00000000   Number         0  stm32f0xx_hal_uart_ex.o ABSOLUTE
    ..\..\lib\Src\stm32f0xx_hal_usart.c      0x00000000   Number         0  stm32f0xx_hal_usart.o ABSOLUTE
    ..\..\lib\Src\stm32f0xx_hal_wwdg.c       0x00000000   Number         0  stm32f0xx_hal_wwdg.o ABSOLUTE
    ..\..\startup\startup_stm32f030x8.s      0x00000000   Number         0  startup_stm32f030x8.o ABSOLUTE
    ..\\..\\cmsis\\src\\system_stm32f0xx.c   0x00000000   Number         0  system_stm32f0xx.o ABSOLUTE
    ..\\..\\contiki\\core\\lib\\memb.c       0x00000000   Number         0  memb.o ABSOLUTE
    ..\\..\\contiki\\core\\sys\\arg.c        0x00000000   Number         0  arg.o ABSOLUTE
    ..\\..\\contiki\\core\\sys\\ctimer.c     0x00000000   Number         0  ctimer.o ABSOLUTE
    ..\\..\\contiki\\core\\sys\\procinit.c   0x00000000   Number         0  procinit.o ABSOLUTE
    ..\\..\\contiki\\cpu\\arm\\stm32f030\\clock.c 0x00000000   Number         0  clock.o ABSOLUTE
    ..\\..\\lib\\Src\\stm32f0xx_hal.c        0x00000000   Number         0  stm32f0xx_hal.o ABSOLUTE
    ..\\..\\lib\\Src\\stm32f0xx_hal_adc.c    0x00000000   Number         0  stm32f0xx_hal_adc.o ABSOLUTE
    ..\\..\\lib\\Src\\stm32f0xx_hal_adc_ex.c 0x00000000   Number         0  stm32f0xx_hal_adc_ex.o ABSOLUTE
    ..\\..\\lib\\Src\\stm32f0xx_hal_can.c    0x00000000   Number         0  stm32f0xx_hal_can.o ABSOLUTE
    ..\\..\\lib\\Src\\stm32f0xx_hal_cec.c    0x00000000   Number         0  stm32f0xx_hal_cec.o ABSOLUTE
    ..\\..\\lib\\Src\\stm32f0xx_hal_comp.c   0x00000000   Number         0  stm32f0xx_hal_comp.o ABSOLUTE
    ..\\..\\lib\\Src\\stm32f0xx_hal_cortex.c 0x00000000   Number         0  stm32f0xx_hal_cortex.o ABSOLUTE
    ..\\..\\lib\\Src\\stm32f0xx_hal_crc.c    0x00000000   Number         0  stm32f0xx_hal_crc.o ABSOLUTE
    ..\\..\\lib\\Src\\stm32f0xx_hal_crc_ex.c 0x00000000   Number         0  stm32f0xx_hal_crc_ex.o ABSOLUTE
    ..\\..\\lib\\Src\\stm32f0xx_hal_dac.c    0x00000000   Number         0  stm32f0xx_hal_dac.o ABSOLUTE
    ..\\..\\lib\\Src\\stm32f0xx_hal_dac_ex.c 0x00000000   Number         0  stm32f0xx_hal_dac_ex.o ABSOLUTE
    ..\\..\\lib\\Src\\stm32f0xx_hal_dma.c    0x00000000   Number         0  stm32f0xx_hal_dma.o ABSOLUTE
    ..\\..\\lib\\Src\\stm32f0xx_hal_flash.c  0x00000000   Number         0  stm32f0xx_hal_flash.o ABSOLUTE
    ..\\..\\lib\\Src\\stm32f0xx_hal_flash_ex.c 0x00000000   Number         0  stm32f0xx_hal_flash_ex.o ABSOLUTE
    ..\\..\\lib\\Src\\stm32f0xx_hal_gpio.c   0x00000000   Number         0  stm32f0xx_hal_gpio.o ABSOLUTE
    ..\\..\\lib\\Src\\stm32f0xx_hal_i2c.c    0x00000000   Number         0  stm32f0xx_hal_i2c.o ABSOLUTE
    ..\\..\\lib\\Src\\stm32f0xx_hal_i2c_ex.c 0x00000000   Number         0  stm32f0xx_hal_i2c_ex.o ABSOLUTE
    ..\\..\\lib\\Src\\stm32f0xx_hal_i2s.c    0x00000000   Number         0  stm32f0xx_hal_i2s.o ABSOLUTE
    ..\\..\\lib\\Src\\stm32f0xx_hal_irda.c   0x00000000   Number         0  stm32f0xx_hal_irda.o ABSOLUTE
    ..\\..\\lib\\Src\\stm32f0xx_hal_iwdg.c   0x00000000   Number         0  stm32f0xx_hal_iwdg.o ABSOLUTE
    ..\\..\\lib\\Src\\stm32f0xx_hal_msp_template.c 0x00000000   Number         0  stm32f0xx_hal_msp_template.o ABSOLUTE
    ..\\..\\lib\\Src\\stm32f0xx_hal_pcd.c    0x00000000   Number         0  stm32f0xx_hal_pcd.o ABSOLUTE
    ..\\..\\lib\\Src\\stm32f0xx_hal_pcd_ex.c 0x00000000   Number         0  stm32f0xx_hal_pcd_ex.o ABSOLUTE
    ..\\..\\lib\\Src\\stm32f0xx_hal_pwr.c    0x00000000   Number         0  stm32f0xx_hal_pwr.o ABSOLUTE
    ..\\..\\lib\\Src\\stm32f0xx_hal_pwr_ex.c 0x00000000   Number         0  stm32f0xx_hal_pwr_ex.o ABSOLUTE
    ..\\..\\lib\\Src\\stm32f0xx_hal_rcc.c    0x00000000   Number         0  stm32f0xx_hal_rcc.o ABSOLUTE
    ..\\..\\lib\\Src\\stm32f0xx_hal_rcc_ex.c 0x00000000   Number         0  stm32f0xx_hal_rcc_ex.o ABSOLUTE
    ..\\..\\lib\\Src\\stm32f0xx_hal_rtc.c    0x00000000   Number         0  stm32f0xx_hal_rtc.o ABSOLUTE
    ..\\..\\lib\\Src\\stm32f0xx_hal_rtc_ex.c 0x00000000   Number         0  stm32f0xx_hal_rtc_ex.o ABSOLUTE
    ..\\..\\lib\\Src\\stm32f0xx_hal_smartcard.c 0x00000000   Number         0  stm32f0xx_hal_smartcard.o ABSOLUTE
    ..\\..\\lib\\Src\\stm32f0xx_hal_smartcard_ex.c 0x00000000   Number         0  stm32f0xx_hal_smartcard_ex.o ABSOLUTE
    ..\\..\\lib\\Src\\stm32f0xx_hal_smbus.c  0x00000000   Number         0  stm32f0xx_hal_smbus.o ABSOLUTE
    ..\\..\\lib\\Src\\stm32f0xx_hal_spi.c    0x00000000   Number         0  stm32f0xx_hal_spi.o ABSOLUTE
    ..\\..\\lib\\Src\\stm32f0xx_hal_tim.c    0x00000000   Number         0  stm32f0xx_hal_tim.o ABSOLUTE
    ..\\..\\lib\\Src\\stm32f0xx_hal_tim_ex.c 0x00000000   Number         0  stm32f0xx_hal_tim_ex.o ABSOLUTE
    ..\\..\\lib\\Src\\stm32f0xx_hal_tsc.c    0x00000000   Number         0  stm32f0xx_hal_tsc.o ABSOLUTE
    ..\\..\\lib\\Src\\stm32f0xx_hal_uart.c   0x00000000   Number         0  stm32f0xx_hal_uart.o ABSOLUTE
    ..\\..\\lib\\Src\\stm32f0xx_hal_uart_ex.c 0x00000000   Number         0  stm32f0xx_hal_uart_ex.o ABSOLUTE
    ..\\..\\lib\\Src\\stm32f0xx_hal_usart.c  0x00000000   Number         0  stm32f0xx_hal_usart.o ABSOLUTE
    ..\\..\\lib\\Src\\stm32f0xx_hal_wwdg.c   0x00000000   Number         0  stm32f0xx_hal_wwdg.o ABSOLUTE
    ..\\src\\main.c                          0x00000000   Number         0  main.o ABSOLUTE
    ..\\src\\stm32f0xx_it.c                  0x00000000   Number         0  stm32f0xx_it.o ABSOLUTE
    ..\src\main.c                            0x00000000   Number         0  main.o ABSOLUTE
    ..\src\stm32f0xx_it.c                    0x00000000   Number         0  stm32f0xx_it.o ABSOLUTE
    dc.s                                     0x00000000   Number         0  dc.o ABSOLUTE
    RESET                                    0x08000000   Section      180  startup_stm32f030x8.o(RESET)
    !!!main                                  0x080000b4   Section        8  __main.o(!!!main)
    !!!scatter                               0x080000bc   Section       60  __scatter.o(!!!scatter)
    !!handler_copy                           0x080000f8   Section       26  __scatter_copy.o(!!handler_copy)
    !!handler_zi                             0x08000114   Section       28  __scatter_zi.o(!!handler_zi)
    .ARM.Collect$$libinit$$00000000          0x08000130   Section        2  libinit.o(.ARM.Collect$$libinit$$00000000)
    .ARM.Collect$$libinit$$00000002          0x08000132   Section        0  libinit2.o(.ARM.Collect$$libinit$$00000002)
    .ARM.Collect$$libinit$$00000004          0x08000132   Section        0  libinit2.o(.ARM.Collect$$libinit$$00000004)
    .ARM.Collect$$libinit$$0000000A          0x08000132   Section        0  libinit2.o(.ARM.Collect$$libinit$$0000000A)
    .ARM.Collect$$libinit$$0000000C          0x08000132   Section        0  libinit2.o(.ARM.Collect$$libinit$$0000000C)
    .ARM.Collect$$libinit$$0000000E          0x08000132   Section        0  libinit2.o(.ARM.Collect$$libinit$$0000000E)
    .ARM.Collect$$libinit$$00000011          0x08000132   Section        0  libinit2.o(.ARM.Collect$$libinit$$00000011)
    .ARM.Collect$$libinit$$00000013          0x08000132   Section        0  libinit2.o(.ARM.Collect$$libinit$$00000013)
    .ARM.Collect$$libinit$$00000015          0x08000132   Section        0  libinit2.o(.ARM.Collect$$libinit$$00000015)
    .ARM.Collect$$libinit$$00000017          0x08000132   Section        0  libinit2.o(.ARM.Collect$$libinit$$00000017)
    .ARM.Collect$$libinit$$00000019          0x08000132   Section        0  libinit2.o(.ARM.Collect$$libinit$$00000019)
    .ARM.Collect$$libinit$$0000001B          0x08000132   Section        0  libinit2.o(.ARM.Collect$$libinit$$0000001B)
    .ARM.Collect$$libinit$$0000001D          0x08000132   Section        0  libinit2.o(.ARM.Collect$$libinit$$0000001D)
    .ARM.Collect$$libinit$$0000001F          0x08000132   Section        0  libinit2.o(.ARM.Collect$$libinit$$0000001F)
    .ARM.Collect$$libinit$$00000021          0x08000132   Section        0  libinit2.o(.ARM.Collect$$libinit$$00000021)
    .ARM.Collect$$libinit$$00000023          0x08000132   Section        0  libinit2.o(.ARM.Collect$$libinit$$00000023)
    .ARM.Collect$$libinit$$00000025          0x08000132   Section        0  libinit2.o(.ARM.Collect$$libinit$$00000025)
    .ARM.Collect$$libinit$$0000002C          0x08000132   Section        0  libinit2.o(.ARM.Collect$$libinit$$0000002C)
    .ARM.Collect$$libinit$$0000002E          0x08000132   Section        0  libinit2.o(.ARM.Collect$$libinit$$0000002E)
    .ARM.Collect$$libinit$$00000030          0x08000132   Section        0  libinit2.o(.ARM.Collect$$libinit$$00000030)
    .ARM.Collect$$libinit$$00000032          0x08000132   Section        0  libinit2.o(.ARM.Collect$$libinit$$00000032)
    .ARM.Collect$$libinit$$00000033          0x08000132   Section        2  libinit2.o(.ARM.Collect$$libinit$$00000033)
    .ARM.Collect$$libshutdown$$00000000      0x08000134   Section        2  libshutdown.o(.ARM.Collect$$libshutdown$$00000000)
    .ARM.Collect$$libshutdown$$00000003      0x08000136   Section        0  libshutdown2.o(.ARM.Collect$$libshutdown$$00000003)
    .ARM.Collect$$libshutdown$$00000006      0x08000136   Section        0  libshutdown2.o(.ARM.Collect$$libshutdown$$00000006)
    .ARM.Collect$$libshutdown$$00000009      0x08000136   Section        0  libshutdown2.o(.ARM.Collect$$libshutdown$$00000009)
    .ARM.Collect$$libshutdown$$0000000B      0x08000136   Section        0  libshutdown2.o(.ARM.Collect$$libshutdown$$0000000B)
    .ARM.Collect$$libshutdown$$0000000E      0x08000136   Section        0  libshutdown2.o(.ARM.Collect$$libshutdown$$0000000E)
    .ARM.Collect$$libshutdown$$0000000F      0x08000136   Section        2  libshutdown2.o(.ARM.Collect$$libshutdown$$0000000F)
    .ARM.Collect$$rtentry$$00000000          0x08000138   Section        0  __rtentry.o(.ARM.Collect$$rtentry$$00000000)
    .ARM.Collect$$rtentry$$00000002          0x08000138   Section        0  __rtentry2.o(.ARM.Collect$$rtentry$$00000002)
    .ARM.Collect$$rtentry$$00000004          0x08000138   Section        6  __rtentry4.o(.ARM.Collect$$rtentry$$00000004)
    .ARM.Collect$$rtentry$$00000009          0x0800013e   Section        0  __rtentry2.o(.ARM.Collect$$rtentry$$00000009)
    .ARM.Collect$$rtentry$$0000000A          0x0800013e   Section        4  __rtentry2.o(.ARM.Collect$$rtentry$$0000000A)
    .ARM.Collect$$rtentry$$0000000C          0x08000142   Section        0  __rtentry2.o(.ARM.Collect$$rtentry$$0000000C)
    .ARM.Collect$$rtentry$$0000000D          0x08000142   Section        8  __rtentry2.o(.ARM.Collect$$rtentry$$0000000D)
    .ARM.Collect$$rtexit$$00000000           0x0800014a   Section        2  rtexit.o(.ARM.Collect$$rtexit$$00000000)
    .ARM.Collect$$rtexit$$00000002           0x0800014c   Section        0  rtexit2.o(.ARM.Collect$$rtexit$$00000002)
    .ARM.Collect$$rtexit$$00000003           0x0800014c   Section        4  rtexit2.o(.ARM.Collect$$rtexit$$00000003)
    .ARM.Collect$$rtexit$$00000004           0x08000150   Section        6  rtexit2.o(.ARM.Collect$$rtexit$$00000004)
    .text                                    0x08000158   Section       56  startup_stm32f030x8.o(.text)
    .text                                    0x08000190   Section      346  aeabi_sdiv.o(.text)
    .text                                    0x080002ea   Section        0  heapauxi.o(.text)
    .text                                    0x080002f0   Section       62  sys_stackheap_outer.o(.text)
    .text                                    0x0800032e   Section        0  exit.o(.text)
    .text                                    0x0800033c   Section        8  libspace.o(.text)
    .text                                    0x08000344   Section        0  sys_exit.o(.text)
    .text                                    0x08000350   Section        2  use_no_semi.o(.text)
    .text                                    0x08000352   Section        0  indicate_semi.o(.text)
    i.DMA1_Channel1_IRQHandler               0x08000352   Section        0  stm32f0xx_it.o(i.DMA1_Channel1_IRQHandler)
    i.Error_Handler                          0x08000354   Section        0  main.o(i.Error_Handler)
    Error_Handler                            0x08000355   Thumb Code     4  main.o(i.Error_Handler)
    i.HAL_GPIO_Init                          0x08000358   Section        0  stm32f0xx_hal_gpio.o(i.HAL_GPIO_Init)
    i.HAL_GPIO_WritePin                      0x08000534   Section        0  stm32f0xx_hal_gpio.o(i.HAL_GPIO_WritePin)
    i.HAL_GetTick                            0x08000544   Section        0  stm32f0xx_hal.o(i.HAL_GetTick)
    i.HAL_Init                               0x08000550   Section        0  stm32f0xx_hal.o(i.HAL_Init)
    i.HAL_InitTick                           0x08000570   Section        0  stm32f0xx_hal.o(i.HAL_InitTick)
    i.HAL_MspInit                            0x08000596   Section        0  stm32f0xx_hal_msp_template.o(i.HAL_MspInit)
    i.HAL_NVIC_SetPriority                   0x08000598   Section        0  stm32f0xx_hal_cortex.o(i.HAL_NVIC_SetPriority)
    i.HAL_RCC_ClockConfig                    0x080005ac   Section        0  stm32f0xx_hal_rcc_ex.o(i.HAL_RCC_ClockConfig)
    i.HAL_RCC_GetHCLKFreq                    0x080007fc   Section        0  stm32f0xx_hal_rcc.o(i.HAL_RCC_GetHCLKFreq)
    i.HAL_RCC_GetSysClockFreq                0x08000828   Section        0  stm32f0xx_hal_rcc_ex.o(i.HAL_RCC_GetSysClockFreq)
    i.HAL_RCC_OscConfig                      0x080008b4   Section        0  stm32f0xx_hal_rcc_ex.o(i.HAL_RCC_OscConfig)
    i.HAL_SYSTICK_Config                     0x08000d4c   Section        0  stm32f0xx_hal_cortex.o(i.HAL_SYSTICK_Config)
    i.HardFault_Handler                      0x08000d84   Section        0  stm32f0xx_it.o(i.HardFault_Handler)
    i.LED_Off                                0x08000d88   Section        0  main.o(i.LED_Off)
    i.LED_On                                 0x08000d98   Section        0  main.o(i.LED_On)
    i.NMI_Handler                            0x08000da8   Section        0  stm32f0xx_it.o(i.NMI_Handler)
    i.NVIC_SetPriority                       0x08000dac   Section        0  stm32f0xx_hal_cortex.o(i.NVIC_SetPriority)
    NVIC_SetPriority                         0x08000dad   Thumb Code   110  stm32f0xx_hal_cortex.o(i.NVIC_SetPriority)
    i.NVIC_SetPriority                       0x08000e24   Section        0  clock.o(i.NVIC_SetPriority)
    NVIC_SetPriority                         0x08000e25   Thumb Code   110  clock.o(i.NVIC_SetPriority)
    i.PendSV_Handler                         0x08000e9c   Section        0  stm32f0xx_it.o(i.PendSV_Handler)
    i.SVC_Handler                            0x08000e9e   Section        0  stm32f0xx_it.o(i.SVC_Handler)
    i.SysTick_Handler                        0x08000ea0   Section        0  clock.o(i.SysTick_Handler)
    i.SystemClock_Config                     0x08000ee8   Section        0  main.o(i.SystemClock_Config)
    SystemClock_Config                       0x08000ee9   Thumb Code    72  main.o(i.SystemClock_Config)
    i.SystemInit                             0x08000f30   Section        0  system_stm32f0xx.o(i.SystemInit)
    i.add_timer                              0x08000fa4   Section        0  etimer.o(i.add_timer)
    add_timer                                0x08000fa5   Thumb Code    66  etimer.o(i.add_timer)
    i.call_process                           0x08000ff0   Section        0  process.o(i.call_process)
    call_process                             0x08000ff1   Thumb Code    74  process.o(i.call_process)
    i.clock_init                             0x08001040   Section        0  clock.o(i.clock_init)
    i.clock_time                             0x08001084   Section        0  clock.o(i.clock_time)
    i.do_event                               0x08001090   Section        0  process.o(i.do_event)
    do_event                                 0x08001091   Thumb Code   194  process.o(i.do_event)
    i.do_poll                                0x08001178   Section        0  process.o(i.do_poll)
    do_poll                                  0x08001179   Thumb Code    46  process.o(i.do_poll)
    i.etimer_expired                         0x080011b0   Section        0  etimer.o(i.etimer_expired)
    i.etimer_pending                         0x080011c0   Section        0  etimer.o(i.etimer_pending)
    i.etimer_request_poll                    0x080011d4   Section        0  etimer.o(i.etimer_request_poll)
    i.etimer_set                             0x080011e4   Section        0  etimer.o(i.etimer_set)
    i.exit_process                           0x080011fc   Section        0  process.o(i.exit_process)
    exit_process                             0x080011fd   Thumb Code   152  process.o(i.exit_process)
    i.led_init                               0x0800129c   Section        0  main.o(i.led_init)
    i.main                                   0x080012dc   Section        0  main.o(i.main)
    i.process_init                           0x08001314   Section        0  process.o(i.process_init)
    i.process_is_running                     0x08001344   Section        0  process.o(i.process_is_running)
    i.process_poll                           0x08001354   Section        0  process.o(i.process_poll)
    i.process_post                           0x08001374   Section        0  process.o(i.process_post)
    i.process_post_synch                     0x080013e8   Section        0  process.o(i.process_post_synch)
    i.process_run                            0x08001408   Section        0  process.o(i.process_run)
    i.process_start                          0x08001430   Section        0  process.o(i.process_start)
    i.process_thread_etimer_process          0x08001470   Section        0  etimer.o(i.process_thread_etimer_process)
    process_thread_etimer_process            0x08001471   Thumb Code   230  etimer.o(i.process_thread_etimer_process)
    i.process_thread_os_test_process         0x0800155c   Section        0  main.o(i.process_thread_os_test_process)
    process_thread_os_test_process           0x0800155d   Thumb Code   134  main.o(i.process_thread_os_test_process)
    i.timer_expired                          0x080015e8   Section        0  timer.o(i.timer_expired)
    i.timer_set                              0x08001604   Section        0  timer.o(i.timer_set)
    i.update_time                            0x08001614   Section        0  etimer.o(i.update_time)
    update_time                              0x08001615   Thumb Code    70  etimer.o(i.update_time)
    .constdata                               0x08001664   Section       16  stm32f0xx_hal_rcc.o(.constdata)
    .constdata                               0x08001674   Section       32  stm32f0xx_hal_rcc_ex.o(.constdata)
    .conststring                             0x08001694   Section       16  main.o(.conststring)
    .conststring                             0x080016a4   Section       12  etimer.o(.conststring)
    .data                                    0x20000000   Section       24  main.o(.data)
    .data                                    0x20000018   Section       20  system_stm32f0xx.o(.data)
    .data                                    0x2000002c   Section        4  stm32f0xx_hal.o(.data)
    uwTick                                   0x2000002c   Data           4  stm32f0xx_hal.o(.data)
    .data                                    0x20000030   Section       24  etimer.o(.data)
    timerlist                                0x20000030   Data           4  etimer.o(.data)
    next_expiration                          0x20000034   Data           4  etimer.o(.data)
    .data                                    0x20000048   Section       29  process.o(.data)
    lastevent                                0x20000050   Data           1  process.o(.data)
    nevents                                  0x20000051   Data           1  process.o(.data)
    fevent                                   0x20000052   Data           1  process.o(.data)
    poll_requested                           0x20000053   Data           1  process.o(.data)
    ev                                       0x20000054   Data           1  process.o(.data)
    data                                     0x20000058   Data           4  process.o(.data)
    receiver                                 0x2000005c   Data           4  process.o(.data)
    p                                        0x20000060   Data           4  process.o(.data)
    snum                                     0x20000064   Data           1  process.o(.data)
    .data                                    0x20000068   Section       12  clock.o(.data)
    count                                    0x20000068   Data           4  clock.o(.data)
    current_seconds                          0x2000006c   Data           4  clock.o(.data)
    second_countdown                         0x20000070   Data           4  clock.o(.data)
    .bss                                     0x20000074   Section       16  main.o(.bss)
    et_T                                     0x20000074   Data          16  main.o(.bss)
    .bss                                     0x20000084   Section      384  process.o(.bss)
    events                                   0x20000084   Data         384  process.o(.bss)
    .bss                                     0x20000204   Section       96  libspace.o(.bss)
    HEAP                                     0x20000268   Section       16  startup_stm32f030x8.o(HEAP)
    Heap_Mem                                 0x20000268   Data          16  startup_stm32f030x8.o(HEAP)
    STACK                                    0x20000278   Section     1024  startup_stm32f030x8.o(STACK)
    Stack_Mem                                0x20000278   Data        1024  startup_stm32f030x8.o(STACK)
    __initial_sp                             0x20000678   Data           0  startup_stm32f030x8.o(STACK)

    Global Symbols

    Symbol Name                              Value     Ov Type        Size  Object(Section)

    BuildAttributes$$THM_ISAv3M$S$PE$A:L22$X:L11$S22$IEEE1$IW$USESV6$~STKCKD$USESV7$~SHL$OSPACE$ROPI$EBA8$UX$STANDARDLIB$REQ8$PRES8$EABIv2 0x00000000   Number         0  anon$$obj.o ABSOLUTE
    __ARM_use_no_argv                        0x00000000   Number         0  main.o ABSOLUTE
    __ARM_exceptions_init                     - Undefined Weak Reference
    __alloca_initialize                       - Undefined Weak Reference
    __arm_preinit_                            - Undefined Weak Reference
    __cpp_initialize__aeabi_                  - Undefined Weak Reference
    __cxa_finalize                            - Undefined Weak Reference
    __rt_locale                               - Undefined Weak Reference
    __sigvec_lookup                           - Undefined Weak Reference
    _atexit_init                              - Undefined Weak Reference
    _call_atexit_fns                          - Undefined Weak Reference
    _clock_init                               - Undefined Weak Reference
    _fp_trap_init                             - Undefined Weak Reference
    _fp_trap_shutdown                         - Undefined Weak Reference
    _get_lc_collate                           - Undefined Weak Reference
    _get_lc_ctype                             - Undefined Weak Reference
    _get_lc_monetary                          - Undefined Weak Reference
    _get_lc_numeric                           - Undefined Weak Reference
    _get_lc_time                              - Undefined Weak Reference
    _getenv_init                              - Undefined Weak Reference
    _handle_redirection                       - Undefined Weak Reference
    _init_alloc                               - Undefined Weak Reference
    _init_user_alloc                          - Undefined Weak Reference
    _initio                                   - Undefined Weak Reference
    _signal_finish                            - Undefined Weak Reference
    _signal_init                              - Undefined Weak Reference
    _terminate_alloc                          - Undefined Weak Reference
    _terminate_user_alloc                     - Undefined Weak Reference
    _terminateio                              - Undefined Weak Reference
    __Vectors_Size                           0x000000b4   Number         0  startup_stm32f030x8.o ABSOLUTE
    __Vectors                                0x08000000   Data           4  startup_stm32f030x8.o(RESET)
    __Vectors_End                            0x080000b4   Data           0  startup_stm32f030x8.o(RESET)
    __main                                   0x080000b5   Thumb Code     8  __main.o(!!!main)
    __scatterload                            0x080000bd   Thumb Code     0  __scatter.o(!!!scatter)
    __scatterload_rt2                        0x080000bd   Thumb Code    52  __scatter.o(!!!scatter)
    __scatterload_rt2_thumb_only             0x080000bd   Thumb Code     0  __scatter.o(!!!scatter)
    __scatterload_null                       0x080000cd   Thumb Code     0  __scatter.o(!!!scatter)
    __scatterload_copy                       0x080000f9   Thumb Code    26  __scatter_copy.o(!!handler_copy)
    __scatterload_zeroinit                   0x08000115   Thumb Code    28  __scatter_zi.o(!!handler_zi)
    __rt_lib_init                            0x08000131   Thumb Code     0  libinit.o(.ARM.Collect$$libinit$$00000000)
    __rt_lib_init_alloca_1                   0x08000133   Thumb Code     0  libinit2.o(.ARM.Collect$$libinit$$0000002E)
    __rt_lib_init_argv_1                     0x08000133   Thumb Code     0  libinit2.o(.ARM.Collect$$libinit$$0000002C)
    __rt_lib_init_atexit_1                   0x08000133   Thumb Code     0  libinit2.o(.ARM.Collect$$libinit$$0000001B)
    __rt_lib_init_clock_1                    0x08000133   Thumb Code     0  libinit2.o(.ARM.Collect$$libinit$$00000021)
    __rt_lib_init_cpp_1                      0x08000133   Thumb Code     0  libinit2.o(.ARM.Collect$$libinit$$00000032)
    __rt_lib_init_exceptions_1               0x08000133   Thumb Code     0  libinit2.o(.ARM.Collect$$libinit$$00000030)
    __rt_lib_init_fp_1                       0x08000133   Thumb Code     0  libinit2.o(.ARM.Collect$$libinit$$00000002)
    __rt_lib_init_fp_trap_1                  0x08000133   Thumb Code     0  libinit2.o(.ARM.Collect$$libinit$$0000001F)
    __rt_lib_init_getenv_1                   0x08000133   Thumb Code     0  libinit2.o(.ARM.Collect$$libinit$$00000023)
    __rt_lib_init_heap_1                     0x08000133   Thumb Code     0  libinit2.o(.ARM.Collect$$libinit$$0000000A)
    __rt_lib_init_lc_collate_1               0x08000133   Thumb Code     0  libinit2.o(.ARM.Collect$$libinit$$00000011)
    __rt_lib_init_lc_ctype_1                 0x08000133   Thumb Code     0  libinit2.o(.ARM.Collect$$libinit$$00000013)
    __rt_lib_init_lc_monetary_1              0x08000133   Thumb Code     0  libinit2.o(.ARM.Collect$$libinit$$00000015)
    __rt_lib_init_lc_numeric_1               0x08000133   Thumb Code     0  libinit2.o(.ARM.Collect$$libinit$$00000017)
    __rt_lib_init_lc_time_1                  0x08000133   Thumb Code     0  libinit2.o(.ARM.Collect$$libinit$$00000019)
    __rt_lib_init_preinit_1                  0x08000133   Thumb Code     0  libinit2.o(.ARM.Collect$$libinit$$00000004)
    __rt_lib_init_rand_1                     0x08000133   Thumb Code     0  libinit2.o(.ARM.Collect$$libinit$$0000000E)
    __rt_lib_init_return                     0x08000133   Thumb Code     0  libinit2.o(.ARM.Collect$$libinit$$00000033)
    __rt_lib_init_signal_1                   0x08000133   Thumb Code     0  libinit2.o(.ARM.Collect$$libinit$$0000001D)
    __rt_lib_init_stdio_1                    0x08000133   Thumb Code     0  libinit2.o(.ARM.Collect$$libinit$$00000025)
    __rt_lib_init_user_alloc_1               0x08000133   Thumb Code     0  libinit2.o(.ARM.Collect$$libinit$$0000000C)
    __rt_lib_shutdown                        0x08000135   Thumb Code     0  libshutdown.o(.ARM.Collect$$libshutdown$$00000000)
    __rt_lib_shutdown_fp_trap_1              0x08000137   Thumb Code     0  libshutdown2.o(.ARM.Collect$$libshutdown$$00000006)
    __rt_lib_shutdown_heap_1                 0x08000137   Thumb Code     0  libshutdown2.o(.ARM.Collect$$libshutdown$$0000000E)
    __rt_lib_shutdown_return                 0x08000137   Thumb Code     0  libshutdown2.o(.ARM.Collect$$libshutdown$$0000000F)
    __rt_lib_shutdown_signal_1               0x08000137   Thumb Code     0  libshutdown2.o(.ARM.Collect$$libshutdown$$00000009)
    __rt_lib_shutdown_stdio_1                0x08000137   Thumb Code     0  libshutdown2.o(.ARM.Collect$$libshutdown$$00000003)
    __rt_lib_shutdown_user_alloc_1           0x08000137   Thumb Code     0  libshutdown2.o(.ARM.Collect$$libshutdown$$0000000B)
    __rt_entry                               0x08000139   Thumb Code     0  __rtentry.o(.ARM.Collect$$rtentry$$00000000)
    __rt_entry_presh_1                       0x08000139   Thumb Code     0  __rtentry2.o(.ARM.Collect$$rtentry$$00000002)
    __rt_entry_sh                            0x08000139   Thumb Code     0  __rtentry4.o(.ARM.Collect$$rtentry$$00000004)
    __rt_entry_li                            0x0800013f   Thumb Code     0  __rtentry2.o(.ARM.Collect$$rtentry$$0000000A)
    __rt_entry_postsh_1                      0x0800013f   Thumb Code     0  __rtentry2.o(.ARM.Collect$$rtentry$$00000009)
    __rt_entry_main                          0x08000143   Thumb Code     0  __rtentry2.o(.ARM.Collect$$rtentry$$0000000D)
    __rt_entry_postli_1                      0x08000143   Thumb Code     0  __rtentry2.o(.ARM.Collect$$rtentry$$0000000C)
    __rt_exit                                0x0800014b   Thumb Code     0  rtexit.o(.ARM.Collect$$rtexit$$00000000)
    __rt_exit_ls                             0x0800014d   Thumb Code     0  rtexit2.o(.ARM.Collect$$rtexit$$00000003)
    __rt_exit_prels_1                        0x0800014d   Thumb Code     0  rtexit2.o(.ARM.Collect$$rtexit$$00000002)
    __rt_exit_exit                           0x08000151   Thumb Code     0  rtexit2.o(.ARM.Collect$$rtexit$$00000004)
    Reset_Handler                            0x08000159   Thumb Code     8  startup_stm32f030x8.o(.text)
    ADC1_IRQHandler                          0x0800016b   Thumb Code     0  startup_stm32f030x8.o(.text)
    DMA1_Channel2_3_IRQHandler               0x0800016b   Thumb Code     0  startup_stm32f030x8.o(.text)
    DMA1_Channel4_5_IRQHandler               0x0800016b   Thumb Code     0  startup_stm32f030x8.o(.text)
    EXTI0_1_IRQHandler                       0x0800016b   Thumb Code     0  startup_stm32f030x8.o(.text)
    EXTI2_3_IRQHandler                       0x0800016b   Thumb Code     0  startup_stm32f030x8.o(.text)
    EXTI4_15_IRQHandler                      0x0800016b   Thumb Code     0  startup_stm32f030x8.o(.text)
    FLASH_IRQHandler                         0x0800016b   Thumb Code     0  startup_stm32f030x8.o(.text)
    I2C1_IRQHandler                          0x0800016b   Thumb Code     0  startup_stm32f030x8.o(.text)
    I2C2_IRQHandler                          0x0800016b   Thumb Code     0  startup_stm32f030x8.o(.text)
    RCC_IRQHandler                           0x0800016b   Thumb Code     0  startup_stm32f030x8.o(.text)
    RTC_IRQHandler                           0x0800016b   Thumb Code     0  startup_stm32f030x8.o(.text)
    SPI1_IRQHandler                          0x0800016b   Thumb Code     0  startup_stm32f030x8.o(.text)
    SPI2_IRQHandler                          0x0800016b   Thumb Code     0  startup_stm32f030x8.o(.text)
    TIM14_IRQHandler                         0x0800016b   Thumb Code     0  startup_stm32f030x8.o(.text)
    TIM15_IRQHandler                         0x0800016b   Thumb Code     0  startup_stm32f030x8.o(.text)
    TIM16_IRQHandler                         0x0800016b   Thumb Code     0  startup_stm32f030x8.o(.text)
    TIM17_IRQHandler                         0x0800016b   Thumb Code     0  startup_stm32f030x8.o(.text)
    TIM1_BRK_UP_TRG_COM_IRQHandler           0x0800016b   Thumb Code     0  startup_stm32f030x8.o(.text)
    TIM1_CC_IRQHandler                       0x0800016b   Thumb Code     0  startup_stm32f030x8.o(.text)
    TIM3_IRQHandler                          0x0800016b   Thumb Code     0  startup_stm32f030x8.o(.text)
    USART1_IRQHandler                        0x0800016b   Thumb Code     0  startup_stm32f030x8.o(.text)
    USART2_IRQHandler                        0x0800016b   Thumb Code     0  startup_stm32f030x8.o(.text)
    WWDG_IRQHandler                          0x0800016b   Thumb Code     0  startup_stm32f030x8.o(.text)
    __user_initial_stackheap                 0x0800016d   Thumb Code     0  startup_stm32f030x8.o(.text)
    __aeabi_uidiv                            0x08000191   Thumb Code     0  aeabi_sdiv.o(.text)
    __aeabi_uidivmod                         0x08000191   Thumb Code    20  aeabi_sdiv.o(.text)
    __aeabi_idiv                             0x080001a5   Thumb Code     0  aeabi_sdiv.o(.text)
    __aeabi_idivmod                          0x080001a5   Thumb Code   326  aeabi_sdiv.o(.text)
    __use_two_region_memory                  0x080002eb   Thumb Code     2  heapauxi.o(.text)
    __rt_heap_escrow$2region                 0x080002ed   Thumb Code     2  heapauxi.o(.text)
    __rt_heap_expand$2region                 0x080002ef   Thumb Code     2  heapauxi.o(.text)
    __user_setup_stackheap                   0x080002f1   Thumb Code    62  sys_stackheap_outer.o(.text)
    exit                                     0x0800032f   Thumb Code    12  exit.o(.text)
    __user_libspace                          0x0800033d   Thumb Code     8  libspace.o(.text)
    __user_perproc_libspace                  0x0800033d   Thumb Code     0  libspace.o(.text)
    __user_perthread_libspace                0x0800033d   Thumb Code     0  libspace.o(.text)
    _sys_exit                                0x08000345   Thumb Code     8  sys_exit.o(.text)
    __I$use$semihosting                      0x08000351   Thumb Code     0  use_no_semi.o(.text)
    __use_no_semihosting_swi                 0x08000351   Thumb Code     2  use_no_semi.o(.text)
    DMA1_Channel1_IRQHandler                 0x08000353   Thumb Code     2  stm32f0xx_it.o(i.DMA1_Channel1_IRQHandler)
    __semihosting_library_function           0x08000353   Thumb Code     0  indicate_semi.o(.text)
    HAL_GPIO_Init                            0x08000359   Thumb Code   452  stm32f0xx_hal_gpio.o(i.HAL_GPIO_Init)
    HAL_GPIO_WritePin                        0x08000535   Thumb Code    14  stm32f0xx_hal_gpio.o(i.HAL_GPIO_WritePin)
    HAL_GetTick                              0x08000545   Thumb Code     6  stm32f0xx_hal.o(i.HAL_GetTick)
    HAL_Init                                 0x08000551   Thumb Code    28  stm32f0xx_hal.o(i.HAL_Init)
    HAL_InitTick                             0x08000571   Thumb Code    38  stm32f0xx_hal.o(i.HAL_InitTick)
    HAL_MspInit                              0x08000597   Thumb Code     2  stm32f0xx_hal_msp_template.o(i.HAL_MspInit)
    HAL_NVIC_SetPriority                     0x08000599   Thumb Code    18  stm32f0xx_hal_cortex.o(i.HAL_NVIC_SetPriority)
    HAL_RCC_ClockConfig                      0x080005ad   Thumb Code   578  stm32f0xx_hal_rcc_ex.o(i.HAL_RCC_ClockConfig)
    HAL_RCC_GetHCLKFreq                      0x080007fd   Thumb Code    32  stm32f0xx_hal_rcc.o(i.HAL_RCC_GetHCLKFreq)
    HAL_RCC_GetSysClockFreq                  0x08000829   Thumb Code   118  stm32f0xx_hal_rcc_ex.o(i.HAL_RCC_GetSysClockFreq)
    HAL_RCC_OscConfig                        0x080008b5   Thumb Code  1172  stm32f0xx_hal_rcc_ex.o(i.HAL_RCC_OscConfig)
    HAL_SYSTICK_Config                       0x08000d4d   Thumb Code    46  stm32f0xx_hal_cortex.o(i.HAL_SYSTICK_Config)
    HardFault_Handler                        0x08000d85   Thumb Code     4  stm32f0xx_it.o(i.HardFault_Handler)
    LED_Off                                  0x08000d89   Thumb Code    16  main.o(i.LED_Off)
    LED_On                                   0x08000d99   Thumb Code    16  main.o(i.LED_On)
    NMI_Handler                              0x08000da9   Thumb Code     2  stm32f0xx_it.o(i.NMI_Handler)
    PendSV_Handler                           0x08000e9d   Thumb Code     2  stm32f0xx_it.o(i.PendSV_Handler)
    SVC_Handler                              0x08000e9f   Thumb Code     2  stm32f0xx_it.o(i.SVC_Handler)
    SysTick_Handler                          0x08000ea1   Thumb Code    58  clock.o(i.SysTick_Handler)
    SystemInit                               0x08000f31   Thumb Code   104  system_stm32f0xx.o(i.SystemInit)
    clock_init                               0x08001041   Thumb Code    54  clock.o(i.clock_init)
    clock_time                               0x08001085   Thumb Code     6  clock.o(i.clock_time)
    etimer_expired                           0x080011b1   Thumb Code    16  etimer.o(i.etimer_expired)
    etimer_pending                           0x080011c1   Thumb Code    16  etimer.o(i.etimer_pending)
    etimer_request_poll                      0x080011d5   Thumb Code    10  etimer.o(i.etimer_request_poll)
    etimer_set                               0x080011e5   Thumb Code    22  etimer.o(i.etimer_set)
    led_init                                 0x0800129d   Thumb Code    58  main.o(i.led_init)
    main                                     0x080012dd   Thumb Code    46  main.o(i.main)
    process_init                             0x08001315   Thumb Code    26  process.o(i.process_init)
    process_is_running                       0x08001345   Thumb Code    16  process.o(i.process_is_running)
    process_poll                             0x08001355   Thumb Code    26  process.o(i.process_poll)
    process_post                             0x08001375   Thumb Code    98  process.o(i.process_post)
    process_post_synch                       0x080013e9   Thumb Code    28  process.o(i.process_post_synch)
    process_run                              0x08001409   Thumb Code    30  process.o(i.process_run)
    process_start                            0x08001431   Thumb Code    60  process.o(i.process_start)
    timer_expired                            0x080015e9   Thumb Code    28  timer.o(i.timer_expired)
    timer_set                                0x08001605   Thumb Code    16  timer.o(i.timer_set)
    APBAHBPrescTable                         0x08001664   Data          16  stm32f0xx_hal_rcc.o(.constdata)
    PLLMULFactorTable                        0x08001674   Data          16  stm32f0xx_hal_rcc_ex.o(.constdata)
    PredivFactorTable                        0x08001684   Data          16  stm32f0xx_hal_rcc_ex.o(.constdata)
    Region$$Table$$Base                      0x080016b0   Number         0  anon$$obj.o(Region$$Table)
    Region$$Table$$Limit                     0x080016d0   Number         0  anon$$obj.o(Region$$Table)
    procinit                                 0x20000000   Data           8  main.o(.data)
    os_test_process                          0x20000008   Data          16  main.o(.data)
    SystemCoreClock                          0x20000018   Data           4  system_stm32f0xx.o(.data)
    AHBPrescTable                            0x2000001c   Data          16  system_stm32f0xx.o(.data)
    etimer_process                           0x20000038   Data          16  etimer.o(.data)
    process_list                             0x20000048   Data           4  process.o(.data)
    process_current                          0x2000004c   Data           4  process.o(.data)
    __libspace_start                         0x20000204   Data          96  libspace.o(.bss)
    __temporary_stack_top$libspace           0x20000264   Data           0  libspace.o(.bss)



==============================================================================

Memory Map of the image

  Image Entry point : 0x080000b5

  Load Region LR_IROM1 (Base: 0x08000000, Size: 0x00001744, Max: 0x00010000, ABSOLUTE)

    Execution Region ER_IROM1 (Base: 0x08000000, Size: 0x000016d0, Max: 0x00010000, ABSOLUTE)

    Base Addr    Size         Type   Attr      Idx    E Section Name        Object

    0x08000000   0x000000b4   Data   RO          283    RESET               startup_stm32f030x8.o
    0x080000b4   0x00000008   Code   RO         2813  * !!!main             c_p.l(__main.o)
    0x080000bc   0x0000003c   Code   RO         2985    !!!scatter          c_p.l(__scatter.o)
    0x080000f8   0x0000001a   Code   RO         2987    !!handler_copy      c_p.l(__scatter_copy.o)
    0x08000112   0x00000002   PAD
    0x08000114   0x0000001c   Code   RO         2989    !!handler_zi        c_p.l(__scatter_zi.o)
    0x08000130   0x00000002   Code   RO         2908    .ARM.Collect$$libinit$$00000000  c_p.l(libinit.o)
    0x08000132   0x00000000   Code   RO         2825    .ARM.Collect$$libinit$$00000002  c_p.l(libinit2.o)
    0x08000132   0x00000000   Code   RO         2827    .ARM.Collect$$libinit$$00000004  c_p.l(libinit2.o)
    0x08000132   0x00000000   Code   RO         2830    .ARM.Collect$$libinit$$0000000A  c_p.l(libinit2.o)
    0x08000132   0x00000000   Code   RO         2832    .ARM.Collect$$libinit$$0000000C  c_p.l(libinit2.o)
    0x08000132   0x00000000   Code   RO         2834    .ARM.Collect$$libinit$$0000000E  c_p.l(libinit2.o)
    0x08000132   0x00000000   Code   RO         2837    .ARM.Collect$$libinit$$00000011  c_p.l(libinit2.o)
    0x08000132   0x00000000   Code   RO         2839    .ARM.Collect$$libinit$$00000013  c_p.l(libinit2.o)
    0x08000132   0x00000000   Code   RO         2841    .ARM.Collect$$libinit$$00000015  c_p.l(libinit2.o)
    0x08000132   0x00000000   Code   RO         2843    .ARM.Collect$$libinit$$00000017  c_p.l(libinit2.o)
    0x08000132   0x00000000   Code   RO         2845    .ARM.Collect$$libinit$$00000019  c_p.l(libinit2.o)
    0x08000132   0x00000000   Code   RO         2847    .ARM.Collect$$libinit$$0000001B  c_p.l(libinit2.o)
    0x08000132   0x00000000   Code   RO         2849    .ARM.Collect$$libinit$$0000001D  c_p.l(libinit2.o)
    0x08000132   0x00000000   Code   RO         2851    .ARM.Collect$$libinit$$0000001F  c_p.l(libinit2.o)
    0x08000132   0x00000000   Code   RO         2853    .ARM.Collect$$libinit$$00000021  c_p.l(libinit2.o)
    0x08000132   0x00000000   Code   RO         2855    .ARM.Collect$$libinit$$00000023  c_p.l(libinit2.o)
    0x08000132   0x00000000   Code   RO         2857    .ARM.Collect$$libinit$$00000025  c_p.l(libinit2.o)
    0x08000132   0x00000000   Code   RO         2861    .ARM.Collect$$libinit$$0000002C  c_p.l(libinit2.o)
    0x08000132   0x00000000   Code   RO         2863    .ARM.Collect$$libinit$$0000002E  c_p.l(libinit2.o)
    0x08000132   0x00000000   Code   RO         2865    .ARM.Collect$$libinit$$00000030  c_p.l(libinit2.o)
    0x08000132   0x00000000   Code   RO         2867    .ARM.Collect$$libinit$$00000032  c_p.l(libinit2.o)
    0x08000132   0x00000002   Code   RO         2868    .ARM.Collect$$libinit$$00000033  c_p.l(libinit2.o)
    0x08000134   0x00000002   Code   RO         2953    .ARM.Collect$$libshutdown$$00000000  c_p.l(libshutdown.o)
    0x08000136   0x00000000   Code   RO         2970    .ARM.Collect$$libshutdown$$00000003  c_p.l(libshutdown2.o)
    0x08000136   0x00000000   Code   RO         2973    .ARM.Collect$$libshutdown$$00000006  c_p.l(libshutdown2.o)
    0x08000136   0x00000000   Code   RO         2976    .ARM.Collect$$libshutdown$$00000009  c_p.l(libshutdown2.o)
    0x08000136   0x00000000   Code   RO         2978    .ARM.Collect$$libshutdown$$0000000B  c_p.l(libshutdown2.o)
    0x08000136   0x00000000   Code   RO         2981    .ARM.Collect$$libshutdown$$0000000E  c_p.l(libshutdown2.o)
    0x08000136   0x00000002   Code   RO         2982    .ARM.Collect$$libshutdown$$0000000F  c_p.l(libshutdown2.o)
    0x08000138   0x00000000   Code   RO         2815    .ARM.Collect$$rtentry$$00000000  c_p.l(__rtentry.o)
    0x08000138   0x00000000   Code   RO         2870    .ARM.Collect$$rtentry$$00000002  c_p.l(__rtentry2.o)
    0x08000138   0x00000006   Code   RO         2882    .ARM.Collect$$rtentry$$00000004  c_p.l(__rtentry4.o)
    0x0800013e   0x00000000   Code   RO         2872    .ARM.Collect$$rtentry$$00000009  c_p.l(__rtentry2.o)
    0x0800013e   0x00000004   Code   RO         2873    .ARM.Collect$$rtentry$$0000000A  c_p.l(__rtentry2.o)
    0x08000142   0x00000000   Code   RO         2875    .ARM.Collect$$rtentry$$0000000C  c_p.l(__rtentry2.o)
    0x08000142   0x00000008   Code   RO         2876    .ARM.Collect$$rtentry$$0000000D  c_p.l(__rtentry2.o)
    0x0800014a   0x00000002   Code   RO         2915    .ARM.Collect$$rtexit$$00000000  c_p.l(rtexit.o)
    0x0800014c   0x00000000   Code   RO         2935    .ARM.Collect$$rtexit$$00000002  c_p.l(rtexit2.o)
    0x0800014c   0x00000004   Code   RO         2936    .ARM.Collect$$rtexit$$00000003  c_p.l(rtexit2.o)
    0x08000150   0x00000006   Code   RO         2937    .ARM.Collect$$rtexit$$00000004  c_p.l(rtexit2.o)
    0x08000156   0x00000002   PAD
    0x08000158   0x00000038   Code   RO          284    .text               startup_stm32f030x8.o
    0x08000190   0x0000015a   Code   RO         2807    .text               c_p.l(aeabi_sdiv.o)
    0x080002ea   0x00000006   Code   RO         2811    .text               c_p.l(heapauxi.o)
    0x080002f0   0x0000003e   Code   RO         2890    .text               c_p.l(sys_stackheap_outer.o)
    0x0800032e   0x0000000c   Code   RO         2893    .text               c_p.l(exit.o)
    0x0800033a   0x00000002   PAD
    0x0800033c   0x00000008   Code   RO         2911    .text               c_p.l(libspace.o)
    0x08000344   0x0000000c   Code   RO         2929    .text               c_p.l(sys_exit.o)
    0x08000350   0x00000002   Code   RO         2931    .text               c_p.l(use_no_semi.o)
    0x08000352   0x00000000   Code   RO         2933    .text               c_p.l(indicate_semi.o)
    0x08000352   0x00000002   Code   RO          203    i.DMA1_Channel1_IRQHandler  stm32f0xx_it.o
    0x08000354   0x00000004   Code   RO            3    i.Error_Handler     main.o
    0x08000358   0x000001dc   Code   RO         1067    i.HAL_GPIO_Init     stm32f0xx_hal_gpio.o
    0x08000534   0x0000000e   Code   RO         1071    i.HAL_GPIO_WritePin  stm32f0xx_hal_gpio.o
    0x08000542   0x00000002   PAD
    0x08000544   0x0000000c   Code   RO          299    i.HAL_GetTick       stm32f0xx_hal.o
    0x08000550   0x00000020   Code   RO          301    i.HAL_Init          stm32f0xx_hal.o
    0x08000570   0x00000026   Code   RO          302    i.HAL_InitTick      stm32f0xx_hal.o
    0x08000596   0x00000002   Code   RO         1197    i.HAL_MspInit       stm32f0xx_hal_msp_template.o
    0x08000598   0x00000012   Code   RO          652    i.HAL_NVIC_SetPriority  stm32f0xx_hal_cortex.o
    0x080005aa   0x00000002   PAD
    0x080005ac   0x00000250   Code   RO         1387    i.HAL_RCC_ClockConfig  stm32f0xx_hal_rcc_ex.o
    0x080007fc   0x0000002c   Code   RO         1296    i.HAL_RCC_GetHCLKFreq  stm32f0xx_hal_rcc.o
    0x08000828   0x0000008c   Code   RO         1388    i.HAL_RCC_GetSysClockFreq  stm32f0xx_hal_rcc_ex.o
    0x080008b4   0x00000498   Code   RO         1389    i.HAL_RCC_OscConfig  stm32f0xx_hal_rcc_ex.o
    0x08000d4c   0x00000038   Code   RO          656    i.HAL_SYSTICK_Config  stm32f0xx_hal_cortex.o
    0x08000d84   0x00000004   Code   RO          204    i.HardFault_Handler  stm32f0xx_it.o
    0x08000d88   0x00000010   Code   RO            4    i.LED_Off           main.o
    0x08000d98   0x00000010   Code   RO            5    i.LED_On            main.o
    0x08000da8   0x00000002   Code   RO          205    i.NMI_Handler       stm32f0xx_it.o
    0x08000daa   0x00000002   PAD
    0x08000dac   0x00000078   Code   RO          658    i.NVIC_SetPriority  stm32f0xx_hal_cortex.o
    0x08000e24   0x00000078   Code   RO         2736    i.NVIC_SetPriority  clock.o
    0x08000e9c   0x00000002   Code   RO          206    i.PendSV_Handler    stm32f0xx_it.o
    0x08000e9e   0x00000002   Code   RO          207    i.SVC_Handler       stm32f0xx_it.o
    0x08000ea0   0x00000048   Code   RO         2737    i.SysTick_Handler   clock.o
    0x08000ee8   0x00000048   Code   RO            6    i.SystemClock_Config  main.o
    0x08000f30   0x00000074   Code   RO          252    i.SystemInit        system_stm32f0xx.o
    0x08000fa4   0x0000004c   Code   RO         2200    i.add_timer         etimer.o
    0x08000ff0   0x00000050   Code   RO         2294    i.call_process      process.o
    0x08001040   0x00000044   Code   RO         2739    i.clock_init        clock.o
    0x08001084   0x0000000c   Code   RO         2741    i.clock_time        clock.o
    0x08001090   0x000000e8   Code   RO         2295    i.do_event          process.o
    0x08001178   0x00000038   Code   RO         2296    i.do_poll           process.o
    0x080011b0   0x00000010   Code   RO         2203    i.etimer_expired    etimer.o
    0x080011c0   0x00000014   Code   RO         2205    i.etimer_pending    etimer.o
    0x080011d4   0x00000010   Code   RO         2206    i.etimer_request_poll  etimer.o
    0x080011e4   0x00000016   Code   RO         2209    i.etimer_set        etimer.o
    0x080011fa   0x00000002   PAD
    0x080011fc   0x000000a0   Code   RO         2297    i.exit_process      process.o
    0x0800129c   0x00000040   Code   RO            7    i.led_init          main.o
    0x080012dc   0x00000038   Code   RO            8    i.main              main.o
    0x08001314   0x00000030   Code   RO         2300    i.process_init      process.o
    0x08001344   0x00000010   Code   RO         2301    i.process_is_running  process.o
    0x08001354   0x00000020   Code   RO         2303    i.process_poll      process.o
    0x08001374   0x00000074   Code   RO         2304    i.process_post      process.o
    0x080013e8   0x00000020   Code   RO         2305    i.process_post_synch  process.o
    0x08001408   0x00000028   Code   RO         2306    i.process_run       process.o
    0x08001430   0x00000040   Code   RO         2307    i.process_start     process.o
    0x08001470   0x000000ec   Code   RO         2212    i.process_thread_etimer_process  etimer.o
    0x0800155c   0x0000008c   Code   RO            9    i.process_thread_os_test_process  main.o
    0x080015e8   0x0000001c   Code   RO         2457    i.timer_expired     timer.o
    0x08001604   0x00000010   Code   RO         2461    i.timer_set         timer.o
    0x08001614   0x00000050   Code   RO         2213    i.update_time       etimer.o
    0x08001664   0x00000010   Data   RO         1303    .constdata          stm32f0xx_hal_rcc.o
    0x08001674   0x00000020   Data   RO         1390    .constdata          stm32f0xx_hal_rcc_ex.o
    0x08001694   0x00000010   Data   RO           11    .conststring        main.o
    0x080016a4   0x0000000c   Data   RO         2214    .conststring        etimer.o
    0x080016b0   0x00000020   Data   RO         2983    Region$$Table       anon$$obj.o


    Execution Region RW_IRAM1 (Base: 0x20000000, Size: 0x00000678, Max: 0x00002000, ABSOLUTE)

    Base Addr    Size         Type   Attr      Idx    E Section Name        Object

    0x20000000   0x00000018   Data   RW           12    .data               main.o
    0x20000018   0x00000014   Data   RW          253    .data               system_stm32f0xx.o
    0x2000002c   0x00000004   Data   RW          307    .data               stm32f0xx_hal.o
    0x20000030   0x00000018   Data   RW         2215    .data               etimer.o
    0x20000048   0x0000001d   Data   RW         2309    .data               process.o
    0x20000065   0x00000003   PAD
    0x20000068   0x0000000c   Data   RW         2743    .data               clock.o
    0x20000074   0x00000010   Zero   RW           10    .bss                main.o
    0x20000084   0x00000180   Zero   RW         2308    .bss                process.o
    0x20000204   0x00000060   Zero   RW         2912    .bss                c_p.l(libspace.o)
    0x20000264   0x00000004   PAD
    0x20000268   0x00000010   Zero   RW          282    HEAP                startup_stm32f030x8.o
    0x20000278   0x00000400   Zero   RW          281    STACK               startup_stm32f030x8.o


==============================================================================

Image component sizes


      Code (inc. data)   RO Data    RW Data    ZI Data      Debug   Object Name

       272         44          0         12          0       8408   clock.o
       466         36         12         24          0       5094   etimer.o
       368         22         16         24         16     130820   main.o
       876        126          0         29        384       9416   process.o
        56         26        180          0       1040        616   startup_stm32f030x8.o
        82         10          0          4          0       2252   stm32f0xx_hal.o
       194         20          0          0          0       7372   stm32f0xx_hal_cortex.o
       490         24          0          0          0       2036   stm32f0xx_hal_gpio.o
         2          0          0          0          0        430   stm32f0xx_hal_msp_template.o
        44         12         16          0          0       1189   stm32f0xx_hal_rcc.o
      1908         52         32          0          0       3810   stm32f0xx_hal_rcc_ex.o
        12          0          0          0          0       2000   stm32f0xx_it.o
       116         12          0         20          0       1049   system_stm32f0xx.o
        44          0          0          0          0       1472   timer.o

    ----------------------------------------------------------------------
      4938        384        288        116       1440     175964   Object Totals
         0          0         32          0          0          0   (incl. Generated)
         8          0          0          3          0          0   (incl. Padding)

    ----------------------------------------------------------------------

      Code (inc. data)   RO Data    RW Data    ZI Data      Debug   Library Member Name

         8          0          0          0          0         68   __main.o
         0          0          0          0          0          0   __rtentry.o
        12          0          0          0          0          0   __rtentry2.o
         6          0          0          0          0          0   __rtentry4.o
        60          8          0          0          0          0   __scatter.o
        26          0          0          0          0          0   __scatter_copy.o
        28          0          0          0          0          0   __scatter_zi.o
       346          0          0          0          0         92   aeabi_sdiv.o
        12          0          0          0          0         64   exit.o
         6          0          0          0          0        136   heapauxi.o
         0          0          0          0          0          0   indicate_semi.o
         2          0          0          0          0          0   libinit.o
         2          0          0          0          0          0   libinit2.o
         2          0          0          0          0          0   libshutdown.o
         2          0          0          0          0          0   libshutdown2.o
         8          4          0          0         96         68   libspace.o
         2          0          0          0          0          0   rtexit.o
        10          0          0          0          0          0   rtexit2.o
        12          4          0          0          0         60   sys_exit.o
        62          0          0          0          0         80   sys_stackheap_outer.o
         2          0          0          0          0         68   use_no_semi.o

    ----------------------------------------------------------------------
       614         16          0          0        100        636   Library Totals
         6          0          0          0          4          0   (incl. Padding)

    ----------------------------------------------------------------------

      Code (inc. data)   RO Data    RW Data    ZI Data      Debug   Library Name

       608         16          0          0         96        636   c_p.l

    ----------------------------------------------------------------------
       614         16          0          0        100        636   Library Totals

    ----------------------------------------------------------------------

==============================================================================


      Code (inc. data)   RO Data    RW Data    ZI Data      Debug   

      5552        400        288        116       1540     174432   Grand Totals
      5552        400        288        116       1540     174432   ELF Image Totals
      5552        400        288        116          0          0   ROM Totals

==============================================================================

    Total RO  Size (Code + RO Data)                 5840 (   5.70kB)
    Total RW  Size (RW Data + ZI Data)              1656 (   1.62kB)
    Total ROM Size (Code + RO Data + RW Data)       5956 (   5.82kB)

==============================================================================

